Mono path[0] = 'C:/Games/RimWorld/RimWorldWin64_Data/Managed'
Mono config path = 'C:/Games/RimWorld/MonoBleedingEdge/etc'
Initialize engine version: 2019.4.30f1 (e8c891080a1f)
[Subsystems] Discovering subsystems at path C:/Games/RimWorld/RimWorldWin64_Data/UnitySubsystems
GfxDevice: creating device client; threaded=1
Direct3D:
    Version:  Direct3D 11.0 [level 11.1]
    Renderer: Intel(R) HD Graphics 520 (ID=0x1916)
    Vendor:   
    VRAM:     8119 MB
    Driver:   30.0.101.1340
Begin MonoManager ReloadAssembly
- Completed reload, in  0.133 seconds
<RI> Initializing input.
<RI> Input initialized.
<RI> Initialized touch support.
UnloadTime: 2.385600 ms
RimWorld 1.5.4409 rev1068
Translation data for language Russian / Русский has 11 errors. Generate translation report for more info. 
(Filename: C:\buildslave\unity\build\Runtime/Export/Debug/Debug.bindings.h Line: 39)

Setting up 2 worker threads for Enlighten.
  Thread -> id: 454 -> priority: 1 
  Thread -> id: 1ee4 -> priority: 1 
