Mono path[0] = 'C:/Games/RimWorld/RimWorldWin64_Data/Managed'
Mono config path = 'C:/Games/RimWorld/MonoBleedingEdge/etc'
Initialize engine version: 2019.4.30f1 (e8c891080a1f)
[Subsystems] Discovering subsystems at path C:/Games/RimWorld/RimWorldWin64_Data/UnitySubsystems
GfxDevice: creating device client; threaded=1
Direct3D:
    Version:  Direct3D 11.0 [level 11.1]
    Renderer: Intel(R) HD Graphics 520 (ID=0x1916)
    Vendor:   
    VRAM:     8119 MB
    Driver:   30.0.101.1340
Begin MonoManager ReloadAssembly
- Completed reload, in  0.144 seconds
<RI> Initializing input.
XInput1_3.dll not found. Trying XInput9_1_0.dll instead...
<RI> Input initialized.
<RI> Initialized touch support.
UnloadTime: 1.769400 ms
RimWorld 1.5.4297 rev994 
(Filename: C:\buildslave\unity\build\Runtime/Export/Debug/Debug.bindings.h Line: 39)

Fallback handler could not load library C:/Games/RimWorld/RimWorldWin64_Data/Mono/data-000001CC053704E0.dll
Fallback handler could not load library C:/Games/RimWorld/RimWorldWin64_Data/Mono/data-000001CC05764120.dll
Prepatcher: Starting... (vanilla load took 3.556816s) 
(Filename: C:\buildslave\unity\build\Runtime/Export/Debug/Debug.bindings.h Line: 39)

Performance Fish!!! 
(Filename: C:\buildslave\unity\build\Runtime/Export/Debug/Debug.bindings.h Line: 39)

Performance Fish finished applying prepatches in 5.0562850 seconds 
(Filename: C:\buildslave\unity\build\Runtime/Export/Debug/Debug.bindings.h Line: 39)

Prepatcher: Game processing took 5546.9378ms 
(Filename: C:\buildslave\unity\build\Runtime/Export/Debug/Debug.bindings.h Line: 39)

Prepatcher: Serializing patched assemblies 
(Filename: C:\buildslave\unity\build\Runtime/Export/Debug/Debug.bindings.h Line: 39)

Prepatcher: Serializing took 2590.1489ms 
(Filename: C:\buildslave\unity\build\Runtime/Export/Debug/Debug.bindings.h Line: 39)

Prepatcher: Setting refonly 
(Filename: C:\buildslave\unity\build\Runtime/Export/Debug/Debug.bindings.h Line: 39)

Prepatcher: Loading patched assemblies 
(Filename: C:\buildslave\unity\build\Runtime/Export/Debug/Debug.bindings.h Line: 39)

Fallback handler could not load library C:/Games/RimWorld/RimWorldWin64_Data/Mono/data-000001CC2C5D4040.dll
Fallback handler could not load library C:/Games/RimWorld/RimWorldWin64_Data/Mono/data-000001CC2D28F040.dll
Fallback handler could not load library C:/Games/RimWorld/RimWorldWin64_Data/Mono/data-000001CC076BE030.dll
Fallback handler could not load library C:/Games/RimWorld/RimWorldWin64_Data/Mono/data-000001CC076CCC40.dll
Fallback handler could not load library C:/Games/RimWorld/RimWorldWin64_Data/Mono/data-000001CC01E20530.dll
Fallback handler could not load library C:/Games/RimWorld/RimWorldWin64_Data/Mono/data-000001CC076DA850.dll
Fallback handler could not load library C:/Games/RimWorld/RimWorldWin64_Data/Mono/data-000001CC0772A860.dll
Fallback handler could not load library C:/Games/RimWorld/RimWorldWin64_Data/Mono/data-000001CC077BD670.dll
Fallback handler could not load library C:/Games/RimWorld/RimWorldWin64_Data/Mono/data-000001CC07396060.dll
Fallback handler could not load library C:/Games/RimWorld/RimWorldWin64_Data/Mono/data-000001CC077EFC80.dll
Fallback handler could not load library C:/Games/RimWorld/RimWorldWin64_Data/Mono/data-000001CC077F4E90.dll
Fallback handler could not load library C:/Games/RimWorld/RimWorldWin64_Data/Mono/data-000001CC078702A0.dll
Fallback handler could not load library C:/Games/RimWorld/RimWorldWin64_Data/Mono/data-000001CC079686B0.dll
Fallback handler could not load library C:/Games/RimWorld/RimWorldWin64_Data/Mono/data-000001CC0796E4C0.dll
Fallback handler could not load library C:/Games/RimWorld/RimWorldWin64_Data/Mono/data-000001CC0798E010.dll
Fallback handler could not load library C:/Games/RimWorld/RimWorldWin64_Data/Mono/data-000001CC079B5E20.dll
Fallback handler could not load library C:/Games/RimWorld/RimWorldWin64_Data/Mono/data-000001CC0739FC80.dll
Fallback handler could not load library C:/Games/RimWorld/RimWorldWin64_Data/Mono/data-000001CC05DE8BA0.dll
Fallback handler could not load library C:/Games/RimWorld/RimWorldWin64_Data/Mono/data-000001CC079C3030.dll
Fallback handler could not load library C:/Games/RimWorld/RimWorldWin64_Data/Mono/data-000001CC079C7C40.dll
Fallback handler could not load library C:/Games/RimWorld/RimWorldWin64_Data/Mono/data-000001CC079CC450.dll
Fallback handler could not load library C:/Games/RimWorld/RimWorldWin64_Data/Mono/data-000001CC079E2860.dll
Fallback handler could not load library C:/Games/RimWorld/RimWorldWin64_Data/Mono/data-000001CC079EB870.dll
Fallback handler could not load library C:/Games/RimWorld/RimWorldWin64_Data/Mono/data-000001CC07A20880.dll
Fallback handler could not load library C:/Games/RimWorld/RimWorldWin64_Data/Mono/data-000001CC07A38E90.dll
Fallback handler could not load library C:/Games/RimWorld/RimWorldWin64_Data/Mono/data-000001CC07A61AA0.dll
Fallback handler could not load library C:/Games/RimWorld/RimWorldWin64_Data/Mono/data-000001CC07A85EB0.dll
Fallback handler could not load library C:/Games/RimWorld/RimWorldWin64_Data/Mono/data-000001CC07A8D4C0.dll
Fallback handler could not load library C:/Games/RimWorld/RimWorldWin64_Data/Mono/data-000001CC07A924D0.dll
Fallback handler could not load library C:/Games/RimWorld/RimWorldWin64_Data/Mono/data-000001CC07A982E0.dll
Fallback handler could not load library C:/Games/RimWorld/RimWorldWin64_Data/Mono/data-000001CC07AAC500.dll
Fallback handler could not load library C:/Games/RimWorld/RimWorldWin64_Data/Mono/data-000001CC07AD4910.dll
Fallback handler could not load library C:/Games/RimWorld/RimWorldWin64_Data/Mono/data-000001CC01E23540.dll
Fallback handler could not load library C:/Games/RimWorld/RimWorldWin64_Data/Mono/data-000001CC07B0BF20.dll
Fallback handler could not load library C:/Games/RimWorld/RimWorldWin64_Data/Mono/data-000001CC07B0FB30.dll
Fallback handler could not load library C:/Games/RimWorld/RimWorldWin64_Data/Mono/data-000001CC07B27340.dll
Fallback handler could not load library C:/Games/RimWorld/RimWorldWin64_Data/Mono/data-000001CC07B4E750.dll
Fallback handler could not load library C:/Games/RimWorld/RimWorldWin64_Data/Mono/data-000001CC07B50560.dll
Fallback handler could not load library C:/Games/RimWorld/RimWorldWin64_Data/Mono/data-000001CC07B51B70.dll
Fallback handler could not load library C:/Games/RimWorld/RimWorldWin64_Data/Mono/data-000001CC07B53180.dll
Fallback handler could not load library C:/Games/RimWorld/RimWorldWin64_Data/Mono/data-000001CC07B62B90.dll
Fallback handler could not load library C:/Games/RimWorld/RimWorldWin64_Data/Mono/data-000001CC2D4B6040.dll
Fallback handler could not load library C:/Games/RimWorld/RimWorldWin64_Data/Mono/data-000001CC07B6C9A0.dll
Fallback handler could not load library C:/Games/RimWorld/RimWorldWin64_Data/Mono/data-000001CC07B6F5B0.dll
Fallback handler could not load library C:/Games/RimWorld/RimWorldWin64_Data/Mono/data-000001CC07B85BC0.dll
Fallback handler could not load library C:/Games/RimWorld/RimWorldWin64_Data/Mono/data-000001CC07B907E0.dll
Fallback handler could not load library C:/Games/RimWorld/RimWorldWin64_Data/Mono/data-000001CC07BB0FF0.dll
Fallback handler could not load library C:/Games/RimWorld/RimWorldWin64_Data/Mono/data-000001CBDF725E40.dll
Fallback handler could not load library C:/Games/RimWorld/RimWorldWin64_Data/Mono/data-000001CC07BD9A00.dll
Fallback handler could not load library C:/Games/RimWorld/RimWorldWin64_Data/Mono/data-000001CC01605B10.dll
Fallback handler could not load library C:/Games/RimWorld/RimWorldWin64_Data/Mono/data-000001CC07C1E010.dll
Fallback handler could not load library C:/Games/RimWorld/RimWorldWin64_Data/Mono/data-000001CC07C3FC20.dll
Fallback handler could not load library C:/Games/RimWorld/RimWorldWin64_Data/Mono/data-000001CC07C4E830.dll
Fallback handler could not load library C:/Games/RimWorld/RimWorldWin64_Data/Mono/data-000001CC07C64450.dll
Prepatcher: Done loading 
(Filename: C:\buildslave\unity\build\Runtime/Export/Debug/Debug.bindings.h Line: 39)

RimWorld 1.5.4297 rev994 
(Filename: C:\buildslave\unity\build\Runtime/Export/Debug/Debug.bindings.h Line: 39)

Fallback handler could not load library C:/Games/RimWorld/RimWorldWin64_Data/Mono/data-000001CC053710F0.dll
Fallback handler could not load library C:/Games/RimWorld/RimWorldWin64_Data/Mono/data-000001CC30DA30E0.dll
Prepatcher: Restarted with the patched assembly, going silent. 
(Filename: C:\buildslave\unity\build\Runtime/Export/Debug/Debug.bindings.h Line: 39)

[HugsLib] version 11.0.4 
(Filename: C:\buildslave\unity\build\Runtime/Export/Debug/Debug.bindings.h Line: 39)

[HugsLib] early-initializing AllowTool 
(Filename: C:\buildslave\unity\build\Runtime/Export/Debug/Debug.bindings.h Line: 39)

DubsMintMenus v1.3.1086 
(Filename: C:\buildslave\unity\build\Runtime/Export/Debug/Debug.bindings.h Line: 39)

QualityBuilder successfully patched Replace Stuff 
(Filename: C:\buildslave\unity\build\Runtime/Export/Debug/Debug.bindings.h Line: 39)

3.0.9046 :: 
(Filename: C:\buildslave\unity\build\Runtime/Export/Debug/Debug.bindings.h Line: 39)

Fallback handler could not load library C:/Games/RimWorld/RimWorldWin64_Data/Mono/data-000001CC3200D010.dll
Fallback handler could not load library C:/Games/RimWorld/RimWorldWin64_Data/Mono/data-000001CC33824010.dll
Fallback handler could not load library C:/Games/RimWorld/RimWorldWin64_Data/Mono/data-000001CC3382F020.dll
Fallback handler could not load library C:/Games/RimWorld/RimWorldWin64_Data/Mono/data-000001CC3346D040.dll
Fallback handler could not load library C:/Games/RimWorld/RimWorldWin64_Data/Mono/data-000001CC362B4010.dll
GAGARIN: <color=green>StartUpStarted called!</color> 
(Filename: C:\buildslave\unity\build\Runtime/Export/Debug/Debug.bindings.h Line: 39)

GAGARIN: <color=green>Cache not found or got purged!</color> 
(Filename: C:\buildslave\unity\build\Runtime/Export/Debug/Debug.bindings.h Line: 39)

b.4297:12/2/2024 12:00:00 AM:1.5.4297 rev994 
(Filename: C:\buildslave\unity\build\Runtime/Export/Debug/Debug.bindings.h Line: 39)

b.4297:12/2/2024 12:00:00 AM:1.5.4297 rev994 
(Filename: C:\buildslave\unity\build\Runtime/Export/Debug/Debug.bindings.h Line: 39)

b.4297:12/2/2024 12:00:00 AM:1.5.4297 rev994 
(Filename: C:\buildslave\unity\build\Runtime/Export/Debug/Debug.bindings.h Line: 39)

b.4297:12/2/2024 12:00:00 AM:1.5.4297 rev994 
(Filename: C:\buildslave\unity\build\Runtime/Export/Debug/Debug.bindings.h Line: 39)

GAGARIN: <color=white>LoadModXML_Profiler</color> took <color=red>1.546</color> seconds 
(Filename: C:\buildslave\unity\build\Runtime/Export/Debug/Debug.bindings.h Line: 39)

GAGARIN: CombineIntoUnifiedXML has <color=red>Context.IsUsingCache=False</color> 
(Filename: C:\buildslave\unity\build\Runtime/Export/Debug/Debug.bindings.h Line: 39)

GAGARIN: <color=white>CombineIntoUnifiedXML_Profiler</color> took <color=red>0.818</color> seconds 
(Filename: C:\buildslave\unity\build\Runtime/Export/Debug/Debug.bindings.h Line: 39)

GAGARIN: <color=white>TKeySystem.Parse</color> took <color=red>0.001</color> seconds 
(Filename: C:\buildslave\unity\build\Runtime/Export/Debug/Debug.bindings.h Line: 39)

GAGARIN: <color=white>ApplyPatches_Profiler</color> took <color=red>1.216</color> seconds 
(Filename: C:\buildslave\unity\build\Runtime/Export/Debug/Debug.bindings.h Line: 39)

GAGARIN: <color=white>XmlInheritance.Resolve</color> took <color=red>0.361</color> seconds 
(Filename: C:\buildslave\unity\build\Runtime/Export/Debug/Debug.bindings.h Line: 39)

b.4297:12/2/2024 12:00:00 AM:1.5.4297 rev994 
(Filename: C:\buildslave\unity\build\Runtime/Export/Debug/Debug.bindings.h Line: 39)

GAGARIN: <color=white>Cache created!</color> creating cache took <color=green>0 seconds</color> 
(Filename: C:\buildslave\unity\build\Runtime/Export/Debug/Debug.bindings.h Line: 39)

GAGARIN: <color=white>ParseAndProcessXML_Profiler</color> took <color=red>19.189</color> seconds 
(Filename: C:\buildslave\unity\build\Runtime/Export/Debug/Debug.bindings.h Line: 39)

GAGARIN: <color=white>ClearCachedPatches_Profiler</color> took <color=red>0</color> seconds 
(Filename: C:\buildslave\unity\build\Runtime/Export/Debug/Debug.bindings.h Line: 39)

Power Tweaks Skipped Defs:
 
(Filename: C:\buildslave\unity\build\Runtime/Export/Debug/Debug.bindings.h Line: 39)

d3d11: failed to create 2D texture id=1870 width=128 height=511 mips=10 dxgifmt=28 [D3D error was 80070057]
 
(Filename:  Line: 587)

d3d11: failed to create 2D texture shader resource view id=1870 [D3D error was 80070057]
 
(Filename:  Line: 537)

d3d11: failed to create 2D texture id=1890 width=511 height=128 mips=10 dxgifmt=28 [D3D error was 80070057]
 
(Filename:  Line: 587)

d3d11: failed to create 2D texture shader resource view id=1890 [D3D error was 80070057]
 
(Filename:  Line: 537)

d3d11: failed to create 2D texture id=1984 width=14 height=14 mips=5 dxgifmt=28 [D3D error was 80070057]
 
(Filename:  Line: 587)

d3d11: failed to create 2D texture shader resource view id=1984 [D3D error was 80070057]
 
(Filename:  Line: 537)

d3d11: failed to create 2D texture id=1988 width=14 height=14 mips=5 dxgifmt=28 [D3D error was 80070057]
 
(Filename:  Line: 587)

d3d11: failed to create 2D texture shader resource view id=1988 [D3D error was 80070057]
 
(Filename:  Line: 537)

Mod RimPy Mod Manager Database did not load any content. Following load folders were used:
  - C:\Games\RimWorld\Mods\1847679158 
(Filename: C:\buildslave\unity\build\Runtime/Export/Debug/Debug.bindings.h Line: 39)

GAGARIN: <color=white>XmlInheritance.Resolve</color> took <color=red>0.361</color> seconds 
(Filename: C:\buildslave\unity\build\Runtime/Export/Debug/Debug.bindings.h Line: 39)

GAGARIN: <color=white>XmlInheritance.Resolve</color> took <color=red>0.361</color> seconds 
(Filename: C:\buildslave\unity\build\Runtime/Export/Debug/Debug.bindings.h Line: 39)

Translation data for language Russian / Русский has 30 errors. Generate translation report for more info. 
(Filename: C:\buildslave\unity\build\Runtime/Export/Debug/Debug.bindings.h Line: 39)

Caravan Adventures: Applying patch to remove realruins from CA story shrine maps 
(Filename: C:\buildslave\unity\build\Runtime/Export/Debug/Debug.bindings.h Line: 39)

Patching VFE from bringing up the faction dialog for no longer needed faction 
(Filename: C:\buildslave\unity\build\Runtime/Export/Debug/Debug.bindings.h Line: 39)

CA patches complete. v1.7.1 (1.5) 
(Filename: C:\buildslave\unity\build\Runtime/Export/Debug/Debug.bindings.h Line: 39)

Mines 2.0 -> RecipeDef named MinesAutomated_RecipeDef_MineableSteel added to the mine. 
(Filename: C:\buildslave\unity\build\Runtime/Export/Debug/Debug.bindings.h Line: 39)

Mines 2.0 -> RecipeDef named MinesAutomated_RecipeDef_MineableSilver added to the mine. 
(Filename: C:\buildslave\unity\build\Runtime/Export/Debug/Debug.bindings.h Line: 39)

Mines 2.0 -> RecipeDef named MinesAutomated_RecipeDef_MineableGold added to the mine. 
(Filename: C:\buildslave\unity\build\Runtime/Export/Debug/Debug.bindings.h Line: 39)

Mines 2.0 -> RecipeDef named MinesAutomated_RecipeDef_MineableUranium added to the mine. 
(Filename: C:\buildslave\unity\build\Runtime/Export/Debug/Debug.bindings.h Line: 39)

Mines 2.0 -> RecipeDef named MinesAutomated_RecipeDef_MineablePlasteel added to the mine. 
(Filename: C:\buildslave\unity\build\Runtime/Export/Debug/Debug.bindings.h Line: 39)

Mines 2.0 -> RecipeDef named MinesAutomated_RecipeDef_MineableJade added to the mine. 
(Filename: C:\buildslave\unity\build\Runtime/Export/Debug/Debug.bindings.h Line: 39)

Mines 2.0 -> RecipeDef named MinesAutomated_RecipeDef_MineableComponentsIndustrial added to the mine. 
(Filename: C:\buildslave\unity\build\Runtime/Export/Debug/Debug.bindings.h Line: 39)

[RealRuins][System]: RealRuins started patching at 1/18/2025 10:27:33 PM 
(Filename: C:\buildslave\unity\build\Runtime/Export/Debug/Debug.bindings.h Line: 39)

[RealRuins][System]: RealRuins performing manual patching optional mods at 1/18/2025 10:27:33 PM 
(Filename: C:\buildslave\unity\build\Runtime/Export/Debug/Debug.bindings.h Line: 39)

[RealRuins][System]: SRTS not found, skipping... 
(Filename: C:\buildslave\unity\build\Runtime/Export/Debug/Debug.bindings.h Line: 39)

[RealRuins][System]: RealRuins finished patching at 1/18/2025 10:27:33 PM (85.77 msec) 
(Filename: C:\buildslave\unity\build\Runtime/Export/Debug/Debug.bindings.h Line: 39)

LWM Update: stable(ish) 1.5.0.4 
(Filename: C:\buildslave\unity\build\Runtime/Export/Debug/Debug.bindings.h Line: 39)

LWM.DeepStorage: Making Shelf, ShelfSmall, Hopper into Deep Storage 
(Filename: C:\buildslave\unity\build\Runtime/Export/Debug/Debug.bindings.h Line: 39)

PickUpAndHaul v1.1.2¼ welcomes you to RimWorld with pointless logspam. 
(Filename: C:\buildslave\unity\build\Runtime/Export/Debug/Debug.bindings.h Line: 39)

GAGARIN: <color=green>StartUpFinished called!</color> 
(Filename: C:\buildslave\unity\build\Runtime/Export/Debug/Debug.bindings.h Line: 39)

MVCF successfully applied 0 patches 
(Filename: C:\buildslave\unity\build\Runtime/Export/Debug/Debug.bindings.h Line: 39)

[de.hatti.rimworld.mod.qualitybuilder] Patches on methods annotated as Obsolete were detected by HugsLib: Verse.ThingUtility.CheckAutoRebuildOnDestroyed 
(Filename: C:\buildslave\unity\build\Runtime/Export/Debug/Debug.bindings.h Line: 39)

OnLevelWasLoaded was found on ModInitializerComponent
This message has been deprecated and will be removed in a later version of Unity.
Add a delegate to SceneManager.sceneLoaded instead to get notifications after scene loading has completed 
(Filename:  Line: 369)

CharacterEditor v1.5.10 initializing... 
(Filename: C:\buildslave\unity\build\Runtime/Export/Debug/Debug.bindings.h Line: 39)

updating labels for russian / русский... 
(Filename: C:\buildslave\unity\build\Runtime/Export/Debug/Debug.bindings.h Line: 39)

loading pawn slot content from file... 
(Filename: C:\buildslave\unity\build\Runtime/Export/Debug/Debug.bindings.h Line: 39)

character editor instance created 
(Filename: C:\buildslave\unity\build\Runtime/Export/Debug/Debug.bindings.h Line: 39)

checking editor settings... 
(Filename: C:\buildslave\unity\build\Runtime/Export/Debug/Debug.bindings.h Line: 39)

bodysizes genes are active 
(Filename: C:\buildslave\unity\build\Runtime/Export/Debug/Debug.bindings.h Line: 39)

CharacterEditor v1.5.10 ...done 
(Filename: C:\buildslave\unity\build\Runtime/Export/Debug/Debug.bindings.h Line: 39)

Curl error 42: Callback aborted
 
(Filename:  Line: 853)

[AllowTool] Applied compatibility patch for "Pick Up And Haul" 
(Filename: C:\buildslave\unity\build\Runtime/Export/Debug/Debug.bindings.h Line: 39)

[HugsLib] initializing DefensivePositions, RealRuins 
(Filename: C:\buildslave\unity\build\Runtime/Export/Debug/Debug.bindings.h Line: 39)

CE is trying to create default parameter lists ... 
(Filename: C:\buildslave\unity\build\Runtime/Export/Debug/Debug.bindings.h Line: 39)

creating default parameter list for genes... 
(Filename: C:\buildslave\unity\build\Runtime/Export/Debug/Debug.bindings.h Line: 39)

243 default entities for genes created 
(Filename: C:\buildslave\unity\build\Runtime/Export/Debug/Debug.bindings.h Line: 39)

creating default parameter list for objects... 
(Filename: C:\buildslave\unity\build\Runtime/Export/Debug/Debug.bindings.h Line: 39)

1298 default entities for objects created 
(Filename: C:\buildslave\unity\build\Runtime/Export/Debug/Debug.bindings.h Line: 39)

creating default parameter list for turrets... 
(Filename: C:\buildslave\unity\build\Runtime/Export/Debug/Debug.bindings.h Line: 39)

11 default entities for turrets created 
(Filename: C:\buildslave\unity\build\Runtime/Export/Debug/Debug.bindings.h Line: 39)

...lists created 
(Filename: C:\buildslave\unity\build\Runtime/Export/Debug/Debug.bindings.h Line: 39)

CE is trying to apply modified parameters... 
(Filename: C:\buildslave\unity\build\Runtime/Export/Debug/Debug.bindings.h Line: 39)

no modifications for genes 
(Filename: C:\buildslave\unity\build\Runtime/Export/Debug/Debug.bindings.h Line: 39)

no modifications for objects 
(Filename: C:\buildslave\unity\build\Runtime/Export/Debug/Debug.bindings.h Line: 39)

no modifications for lifestages 
(Filename: C:\buildslave\unity\build\Runtime/Export/Debug/Debug.bindings.h Line: 39)

...done 
(Filename: C:\buildslave\unity\build\Runtime/Export/Debug/Debug.bindings.h Line: 39)

Unloading 5 Unused Serialized files (Serialized files now loaded: 4)
UnloadTime: 1.340000 ms
FileNotFoundException: Cannot resolve dependency to assembly because it has not been preloaded. When using the ReflectionOnly APIs, dependent assemblies must be pre-loaded or loaded on demand through the ReflectionOnlyAssemblyResolve event.

 
(Filename:  Line: -1)


Unloading 92 unused Assets to reduce memory usage. Loaded Objects now: 24986.
Total: 518.019500 ms (FindLiveObjects: 2.413300 ms CreateObjectMapping: 2.616600 ms MarkObjects: 512.732500 ms  DeleteObjects: 0.256600 ms)

QualityBuilder added property to '170' things 
(Filename: C:\buildslave\unity\build\Runtime/Export/Debug/Debug.bindings.h Line: 39)

Loading game from file Autosave-1 with mods:
  - zetrith.prepatcher
  - brrainz.harmony
  - bs.fishery
  - Ludeon.RimWorld
  - bs.performance
  - Ludeon.RimWorld.Royalty
  - Ludeon.RimWorld.Ideology
  - Ludeon.RimWorld.Biotech
  - Ludeon.RimWorld.Anomaly
  - UnlimitedHugs.HugsLib
  - Aoba.Tent
  - iforgotmysocks.CaravanAdventures
  - void.charactereditor
  - UnlimitedHugs.DefensivePositions
  - Dubwise.DubsMintMenus
  - dubwise.dubsmintminimap
  - Taveron.IncreasedStack
  - Cain.Mineshaft
  - Scorpio.OptimizationLeathers
  - seohyeon.OptimizationMeats
  - Taranchuk.PerformanceOptimizer
  - hatti.qualitybuilder
  - Woolstrand.RealRuins
  - Uuugggg.ReplaceStuff
  - rupal.rimpymodmanagerdatabase
  - PeteTimesSix.SimpleSidearms
  - Mlie.SinglePlantTexturePatch
  - GT.Sam.TilledSoil
  - Neronix17.TweaksGalore
  - OskarPotocki.VanillaFactionsExpanded.Core
  - vanillaexpanded.skills
  - Ogliss.g223.wanderingcaravans
  - UnlimitedHugs.AllowTool
  - Mlie.MoreFactionInteraction
  - Orion.Hospitality
  - LWM.DeepStorage
  - Mehni.PickUpAndHaul
  - weilbyte.snapout
  - FrozenSnowFox.ComplexJobs
  - Krkr.RocketMan 
(Filename: C:\buildslave\unity\build\Runtime/Export/Debug/Debug.bindings.h Line: 39)

Could not resolve reference to object with loadID Thing_Human217 of type Verse.Pawn. Was it compressed away, destroyed, had no ID number, or not saved/loaded right? curParent=RimWorld.DirectPawnRelation curPathRelToParent= 
(Filename: C:\buildslave\unity\build\Runtime/Export/Debug/Debug.bindings.h Line: 39)

Could not resolve reference to object with loadID Thing_Human217 of type Verse.Pawn. Was it compressed away, destroyed, had no ID number, or not saved/loaded right? curParent=RimWorld.DirectPawnRelation curPathRelToParent= 
(Filename: C:\buildslave\unity\build\Runtime/Export/Debug/Debug.bindings.h Line: 39)

Pawn Yang has relation "Parent" with null pawn after loading. This means that we forgot to serialize pawns somewhere (e.g. pawns from passing trade ships). 
(Filename: C:\buildslave\unity\build\Runtime/Export/Debug/Debug.bindings.h Line: 39)

Pawn Elsie has relation "Spouse" with null pawn after loading. This means that we forgot to serialize pawns somewhere (e.g. pawns from passing trade ships). 
(Filename: C:\buildslave\unity\build\Runtime/Export/Debug/Debug.bindings.h Line: 39)

checking editor settings... 
(Filename: C:\buildslave\unity\build\Runtime/Export/Debug/Debug.bindings.h Line: 39)

bodysizes genes are active 
(Filename: C:\buildslave\unity\build\Runtime/Export/Debug/Debug.bindings.h Line: 39)

QualityBuilder added to приказы category. 
(Filename: C:\buildslave\unity\build\Runtime/Export/Debug/Debug.bindings.h Line: 39)

Unloading 0 Unused Serialized files (Serialized files now loaded: 4)

Unloading 1 unused Assets to reduce memory usage. Loaded Objects now: 30957.
Total: 648.823500 ms (FindLiveObjects: 4.318400 ms CreateObjectMapping: 3.234700 ms MarkObjects: 641.170800 ms  DeleteObjects: 0.099000 ms)

reinnited 
(Filename: C:\buildslave\unity\build\Runtime/Export/Debug/Debug.bindings.h Line: 39)

reinnited 
(Filename: C:\buildslave\unity\build\Runtime/Export/Debug/Debug.bindings.h Line: 39)

QualityBuilder: Could not get quality from thing with defName 'Frame_EndTable' 
(Filename: C:\buildslave\unity\build\Runtime/Export/Debug/Debug.bindings.h Line: 39)

QualityBuilder: Could not get quality from thing with defName 'Frame_EndTable' 
(Filename: C:\buildslave\unity\build\Runtime/Export/Debug/Debug.bindings.h Line: 39)

Home area bounds: (76, 171) - (99, 200) 
(Filename: C:\buildslave\unity\build\Runtime/Export/Debug/Debug.bindings.h Line: 39)

Origin: 76, 171 
(Filename: C:\buildslave\unity\build\Runtime/Export/Debug/Debug.bindings.h Line: 39)

Start capturing in area of: (76,171)-(98,199) 
(Filename: C:\buildslave\unity\build\Runtime/Export/Debug/Debug.bindings.h Line: 39)

Gleb started 10 jobs in one tick. newJob=Ingest (Job_152423) A = Thing_Meat_Human53523 jobGiver=RimWorld.JobGiver_GetFood jobList= 
(Filename: C:\buildslave\unity\build\Runtime/Export/Debug/Debug.bindings.h Line: 39)

Gleb started 10 jobs in one tick. newJob=Ingest (Job_152490) A = Thing_Meat_Human53523 jobGiver=RimWorld.JobGiver_GetFood jobList= 
(Filename: C:\buildslave\unity\build\Runtime/Export/Debug/Debug.bindings.h Line: 39)

Gleb started 10 jobs in one tick. newJob=Ingest (Job_152558) A = Thing_Meat_Human53523 jobGiver=RimWorld.JobGiver_GetFood jobList= 
(Filename: C:\buildslave\unity\build\Runtime/Export/Debug/Debug.bindings.h Line: 39)

Gleb started 10 jobs in one tick. newJob=Ingest (Job_152631) A = Thing_Meat_Human53523 jobGiver=RimWorld.JobGiver_GetFood jobList= 
(Filename: C:\buildslave\unity\build\Runtime/Export/Debug/Debug.bindings.h Line: 39)

Gleb started 10 jobs in one tick. newJob=Ingest (Job_152705) A = Thing_Meat_Human53523 jobGiver=RimWorld.JobGiver_GetFood jobList= 
(Filename: C:\buildslave\unity\build\Runtime/Export/Debug/Debug.bindings.h Line: 39)

Gleb started 10 jobs in one tick. newJob=Ingest (Job_152766) A = Thing_Meat_Human53523 jobGiver=RimWorld.JobGiver_GetFood jobList= 
(Filename: C:\buildslave\unity\build\Runtime/Export/Debug/Debug.bindings.h Line: 39)

Gleb started 10 jobs in one tick. newJob=Ingest (Job_159345) A = Thing_Meat_Human53523 jobGiver=RimWorld.JobGiver_GetFood jobList= 
(Filename: C:\buildslave\unity\build\Runtime/Export/Debug/Debug.bindings.h Line: 39)

Gleb started 10 jobs in one tick. newJob=Ingest (Job_159358) A = Thing_Meat_Human53523 jobGiver=RimWorld.JobGiver_GetFood jobList= 
(Filename: C:\buildslave\unity\build\Runtime/Export/Debug/Debug.bindings.h Line: 39)

Gleb started 10 jobs in one tick. newJob=Ingest (Job_159371) A = Thing_Meat_Human53523 jobGiver=RimWorld.JobGiver_GetFood jobList= 
(Filename: C:\buildslave\unity\build\Runtime/Export/Debug/Debug.bindings.h Line: 39)

Gleb started 10 jobs in one tick. newJob=Ingest (Job_159384) A = Thing_Meat_Human53523 jobGiver=RimWorld.JobGiver_GetFood jobList= 
(Filename: C:\buildslave\unity\build\Runtime/Export/Debug/Debug.bindings.h Line: 39)

Gleb started 10 jobs in one tick. newJob=Ingest (Job_159397) A = Thing_Meat_Human53523 jobGiver=RimWorld.JobGiver_GetFood jobList= 
(Filename: C:\buildslave\unity\build\Runtime/Export/Debug/Debug.bindings.h Line: 39)

Gleb started 10 jobs in one tick. newJob=Ingest (Job_159410) A = Thing_Meat_Human53523 jobGiver=RimWorld.JobGiver_GetFood jobList= 
(Filename: C:\buildslave\unity\build\Runtime/Export/Debug/Debug.bindings.h Line: 39)

Gleb started 10 jobs in one tick. newJob=Ingest (Job_159423) A = Thing_Meat_Human53523 jobGiver=RimWorld.JobGiver_GetFood jobList= 
(Filename: C:\buildslave\unity\build\Runtime/Export/Debug/Debug.bindings.h Line: 39)

Gleb started 10 jobs in one tick. newJob=Ingest (Job_159436) A = Thing_Meat_Human53523 jobGiver=RimWorld.JobGiver_GetFood jobList= 
(Filename: C:\buildslave\unity\build\Runtime/Export/Debug/Debug.bindings.h Line: 39)

Gleb started 10 jobs in one tick. newJob=Ingest (Job_159449) A = Thing_Meat_Human53523 jobGiver=RimWorld.JobGiver_GetFood jobList= 
(Filename: C:\buildslave\unity\build\Runtime/Export/Debug/Debug.bindings.h Line: 39)

Gleb started 10 jobs in one tick. newJob=Ingest (Job_159462) A = Thing_Meat_Human53523 jobGiver=RimWorld.JobGiver_GetFood jobList= 
(Filename: C:\buildslave\unity\build\Runtime/Export/Debug/Debug.bindings.h Line: 39)

Gleb started 10 jobs in one tick. newJob=Ingest (Job_159475) A = Thing_Meat_Human53523 jobGiver=RimWorld.JobGiver_GetFood jobList= 
(Filename: C:\buildslave\unity\build\Runtime/Export/Debug/Debug.bindings.h Line: 39)

Gleb started 10 jobs in one tick. newJob=Ingest (Job_159488) A = Thing_Meat_Human53523 jobGiver=RimWorld.JobGiver_GetFood jobList= 
(Filename: C:\buildslave\unity\build\Runtime/Export/Debug/Debug.bindings.h Line: 39)

Gleb started 10 jobs in one tick. newJob=Ingest (Job_159501) A = Thing_Meat_Human53523 jobGiver=RimWorld.JobGiver_GetFood jobList= 
(Filename: C:\buildslave\unity\build\Runtime/Export/Debug/Debug.bindings.h Line: 39)

Gleb started 10 jobs in one tick. newJob=Ingest (Job_159514) A = Thing_Meat_Human53523 jobGiver=RimWorld.JobGiver_GetFood jobList= 
(Filename: C:\buildslave\unity\build\Runtime/Export/Debug/Debug.bindings.h Line: 39)

Gleb started 10 jobs in one tick. newJob=Ingest (Job_159527) A = Thing_Meat_Human53523 jobGiver=RimWorld.JobGiver_GetFood jobList= 
(Filename: C:\buildslave\unity\build\Runtime/Export/Debug/Debug.bindings.h Line: 39)

Gleb started 10 jobs in one tick. newJob=Ingest (Job_159540) A = Thing_Meat_Human53523 jobGiver=RimWorld.JobGiver_GetFood jobList= 
(Filename: C:\buildslave\unity\build\Runtime/Export/Debug/Debug.bindings.h Line: 39)

Gleb started 10 jobs in one tick. newJob=Ingest (Job_159553) A = Thing_Meat_Human53523 jobGiver=RimWorld.JobGiver_GetFood jobList= 
(Filename: C:\buildslave\unity\build\Runtime/Export/Debug/Debug.bindings.h Line: 39)

Gleb started 10 jobs in one tick. newJob=Ingest (Job_159566) A = Thing_Meat_Human53523 jobGiver=RimWorld.JobGiver_GetFood jobList= 
(Filename: C:\buildslave\unity\build\Runtime/Export/Debug/Debug.bindings.h Line: 39)

Gleb started 10 jobs in one tick. newJob=Ingest (Job_159580) A = Thing_Meat_Human53523 jobGiver=RimWorld.JobGiver_GetFood jobList= 
(Filename: C:\buildslave\unity\build\Runtime/Export/Debug/Debug.bindings.h Line: 39)

Gleb started 10 jobs in one tick. newJob=Ingest (Job_159593) A = Thing_Meat_Human53523 jobGiver=RimWorld.JobGiver_GetFood jobList= 
(Filename: C:\buildslave\unity\build\Runtime/Export/Debug/Debug.bindings.h Line: 39)

Gleb started 10 jobs in one tick. newJob=Ingest (Job_159606) A = Thing_Meat_Human53523 jobGiver=RimWorld.JobGiver_GetFood jobList= 
(Filename: C:\buildslave\unity\build\Runtime/Export/Debug/Debug.bindings.h Line: 39)

Gleb started 10 jobs in one tick. newJob=Ingest (Job_159619) A = Thing_Meat_Human53523 jobGiver=RimWorld.JobGiver_GetFood jobList= 
(Filename: C:\buildslave\unity\build\Runtime/Export/Debug/Debug.bindings.h Line: 39)

Gleb started 10 jobs in one tick. newJob=Ingest (Job_159632) A = Thing_Meat_Human53523 jobGiver=RimWorld.JobGiver_GetFood jobList= 
(Filename: C:\buildslave\unity\build\Runtime/Export/Debug/Debug.bindings.h Line: 39)

Gleb started 10 jobs in one tick. newJob=Ingest (Job_159645) A = Thing_Meat_Human53523 jobGiver=RimWorld.JobGiver_GetFood jobList= 
(Filename: C:\buildslave\unity\build\Runtime/Export/Debug/Debug.bindings.h Line: 39)

Gleb started 10 jobs in one tick. newJob=Ingest (Job_159658) A = Thing_Meat_Human53523 jobGiver=RimWorld.JobGiver_GetFood jobList= 
(Filename: C:\buildslave\unity\build\Runtime/Export/Debug/Debug.bindings.h Line: 39)

Gleb started 10 jobs in one tick. newJob=Ingest (Job_159671) A = Thing_Meat_Human53523 jobGiver=RimWorld.JobGiver_GetFood jobList= 
(Filename: C:\buildslave\unity\build\Runtime/Export/Debug/Debug.bindings.h Line: 39)

Gleb started 10 jobs in one tick. newJob=Ingest (Job_159684) A = Thing_Meat_Human53523 jobGiver=RimWorld.JobGiver_GetFood jobList= 
(Filename: C:\buildslave\unity\build\Runtime/Export/Debug/Debug.bindings.h Line: 39)

Gleb started 10 jobs in one tick. newJob=Ingest (Job_159697) A = Thing_Meat_Human53523 jobGiver=RimWorld.JobGiver_GetFood jobList= 
(Filename: C:\buildslave\unity\build\Runtime/Export/Debug/Debug.bindings.h Line: 39)

Gleb started 10 jobs in one tick. newJob=Ingest (Job_159710) A = Thing_Meat_Human53523 jobGiver=RimWorld.JobGiver_GetFood jobList= 
(Filename: C:\buildslave\unity\build\Runtime/Export/Debug/Debug.bindings.h Line: 39)

Gleb started 10 jobs in one tick. newJob=Ingest (Job_159723) A = Thing_Meat_Human53523 jobGiver=RimWorld.JobGiver_GetFood jobList= 
(Filename: C:\buildslave\unity\build\Runtime/Export/Debug/Debug.bindings.h Line: 39)

Gleb started 10 jobs in one tick. newJob=Ingest (Job_159736) A = Thing_Meat_Human53523 jobGiver=RimWorld.JobGiver_GetFood jobList= 
(Filename: C:\buildslave\unity\build\Runtime/Export/Debug/Debug.bindings.h Line: 39)

Gleb started 10 jobs in one tick. newJob=Ingest (Job_159749) A = Thing_Meat_Human53523 jobGiver=RimWorld.JobGiver_GetFood jobList= 
(Filename: C:\buildslave\unity\build\Runtime/Export/Debug/Debug.bindings.h Line: 39)

Gleb started 10 jobs in one tick. newJob=Ingest (Job_159762) A = Thing_Meat_Human53523 jobGiver=RimWorld.JobGiver_GetFood jobList= 
(Filename: C:\buildslave\unity\build\Runtime/Export/Debug/Debug.bindings.h Line: 39)

Gleb started 10 jobs in one tick. newJob=Ingest (Job_159775) A = Thing_Meat_Human53523 jobGiver=RimWorld.JobGiver_GetFood jobList= 
(Filename: C:\buildslave\unity\build\Runtime/Export/Debug/Debug.bindings.h Line: 39)

Gleb started 10 jobs in one tick. newJob=Ingest (Job_159788) A = Thing_Meat_Human53523 jobGiver=RimWorld.JobGiver_GetFood jobList= 
(Filename: C:\buildslave\unity\build\Runtime/Export/Debug/Debug.bindings.h Line: 39)

Gleb started 10 jobs in one tick. newJob=Ingest (Job_159801) A = Thing_Meat_Human53523 jobGiver=RimWorld.JobGiver_GetFood jobList= 
(Filename: C:\buildslave\unity\build\Runtime/Export/Debug/Debug.bindings.h Line: 39)

Gleb started 10 jobs in one tick. newJob=Ingest (Job_159814) A = Thing_Meat_Human53523 jobGiver=RimWorld.JobGiver_GetFood jobList= 
(Filename: C:\buildslave\unity\build\Runtime/Export/Debug/Debug.bindings.h Line: 39)

Gleb started 10 jobs in one tick. newJob=Ingest (Job_159827) A = Thing_Meat_Human53523 jobGiver=RimWorld.JobGiver_GetFood jobList= 
(Filename: C:\buildslave\unity\build\Runtime/Export/Debug/Debug.bindings.h Line: 39)

Gleb started 10 jobs in one tick. newJob=Ingest (Job_159840) A = Thing_Meat_Human53523 jobGiver=RimWorld.JobGiver_GetFood jobList= 
(Filename: C:\buildslave\unity\build\Runtime/Export/Debug/Debug.bindings.h Line: 39)

Gleb started 10 jobs in one tick. newJob=Ingest (Job_159853) A = Thing_Meat_Human53523 jobGiver=RimWorld.JobGiver_GetFood jobList= 
(Filename: C:\buildslave\unity\build\Runtime/Export/Debug/Debug.bindings.h Line: 39)

Gleb started 10 jobs in one tick. newJob=Ingest (Job_159866) A = Thing_Meat_Human53523 jobGiver=RimWorld.JobGiver_GetFood jobList= 
(Filename: C:\buildslave\unity\build\Runtime/Export/Debug/Debug.bindings.h Line: 39)

Gleb started 10 jobs in one tick. newJob=Ingest (Job_159880) A = Thing_Meat_Human53523 jobGiver=RimWorld.JobGiver_GetFood jobList= 
(Filename: C:\buildslave\unity\build\Runtime/Export/Debug/Debug.bindings.h Line: 39)

Gleb started 10 jobs in one tick. newJob=Ingest (Job_159893) A = Thing_Meat_Human53523 jobGiver=RimWorld.JobGiver_GetFood jobList= 
(Filename: C:\buildslave\unity\build\Runtime/Export/Debug/Debug.bindings.h Line: 39)

Gleb started 10 jobs in one tick. newJob=Ingest (Job_159906) A = Thing_Meat_Human53523 jobGiver=RimWorld.JobGiver_GetFood jobList= 
(Filename: C:\buildslave\unity\build\Runtime/Export/Debug/Debug.bindings.h Line: 39)

Gleb started 10 jobs in one tick. newJob=Ingest (Job_159919) A = Thing_Meat_Human53523 jobGiver=RimWorld.JobGiver_GetFood jobList= 
(Filename: C:\buildslave\unity\build\Runtime/Export/Debug/Debug.bindings.h Line: 39)

Gleb started 10 jobs in one tick. newJob=Ingest (Job_159932) A = Thing_Meat_Human53523 jobGiver=RimWorld.JobGiver_GetFood jobList= 
(Filename: C:\buildslave\unity\build\Runtime/Export/Debug/Debug.bindings.h Line: 39)

Gleb started 10 jobs in one tick. newJob=Ingest (Job_159945) A = Thing_Meat_Human53523 jobGiver=RimWorld.JobGiver_GetFood jobList= 
(Filename: C:\buildslave\unity\build\Runtime/Export/Debug/Debug.bindings.h Line: 39)

Gleb started 10 jobs in one tick. newJob=Ingest (Job_159958) A = Thing_Meat_Human53523 jobGiver=RimWorld.JobGiver_GetFood jobList= 
(Filename: C:\buildslave\unity\build\Runtime/Export/Debug/Debug.bindings.h Line: 39)

Gleb started 10 jobs in one tick. newJob=Ingest (Job_159971) A = Thing_Meat_Human53523 jobGiver=RimWorld.JobGiver_GetFood jobList= 
(Filename: C:\buildslave\unity\build\Runtime/Export/Debug/Debug.bindings.h Line: 39)

Gleb started 10 jobs in one tick. newJob=Ingest (Job_159984) A = Thing_Meat_Human53523 jobGiver=RimWorld.JobGiver_GetFood jobList= 
(Filename: C:\buildslave\unity\build\Runtime/Export/Debug/Debug.bindings.h Line: 39)

Gleb started 10 jobs in one tick. newJob=Ingest (Job_159997) A = Thing_Meat_Human53523 jobGiver=RimWorld.JobGiver_GetFood jobList= 
(Filename: C:\buildslave\unity\build\Runtime/Export/Debug/Debug.bindings.h Line: 39)

Gleb started 10 jobs in one tick. newJob=Ingest (Job_160010) A = Thing_Meat_Human53523 jobGiver=RimWorld.JobGiver_GetFood jobList= 
(Filename: C:\buildslave\unity\build\Runtime/Export/Debug/Debug.bindings.h Line: 39)

Gleb started 10 jobs in one tick. newJob=Ingest (Job_160023) A = Thing_Meat_Human53523 jobGiver=RimWorld.JobGiver_GetFood jobList= 
(Filename: C:\buildslave\unity\build\Runtime/Export/Debug/Debug.bindings.h Line: 39)

Gleb started 10 jobs in one tick. newJob=Ingest (Job_160036) A = Thing_Meat_Human53523 jobGiver=RimWorld.JobGiver_GetFood jobList= 
(Filename: C:\buildslave\unity\build\Runtime/Export/Debug/Debug.bindings.h Line: 39)

Gleb started 10 jobs in one tick. newJob=Ingest (Job_160049) A = Thing_Meat_Human53523 jobGiver=RimWorld.JobGiver_GetFood jobList= 
(Filename: C:\buildslave\unity\build\Runtime/Export/Debug/Debug.bindings.h Line: 39)

Gleb started 10 jobs in one tick. newJob=Ingest (Job_160062) A = Thing_Meat_Human53523 jobGiver=RimWorld.JobGiver_GetFood jobList= 
(Filename: C:\buildslave\unity\build\Runtime/Export/Debug/Debug.bindings.h Line: 39)

Gleb started 10 jobs in one tick. newJob=Ingest (Job_160075) A = Thing_Meat_Human53523 jobGiver=RimWorld.JobGiver_GetFood jobList= 
(Filename: C:\buildslave\unity\build\Runtime/Export/Debug/Debug.bindings.h Line: 39)

Gleb started 10 jobs in one tick. newJob=Ingest (Job_160088) A = Thing_Meat_Human53523 jobGiver=RimWorld.JobGiver_GetFood jobList= 
(Filename: C:\buildslave\unity\build\Runtime/Export/Debug/Debug.bindings.h Line: 39)

Gleb started 10 jobs in one tick. newJob=Ingest (Job_160101) A = Thing_Meat_Human53523 jobGiver=RimWorld.JobGiver_GetFood jobList= 
(Filename: C:\buildslave\unity\build\Runtime/Export/Debug/Debug.bindings.h Line: 39)

Gleb started 10 jobs in one tick. newJob=Ingest (Job_160114) A = Thing_Meat_Human53523 jobGiver=RimWorld.JobGiver_GetFood jobList= 
(Filename: C:\buildslave\unity\build\Runtime/Export/Debug/Debug.bindings.h Line: 39)

Gleb started 10 jobs in one tick. newJob=Ingest (Job_160127) A = Thing_Meat_Human53523 jobGiver=RimWorld.JobGiver_GetFood jobList= 
(Filename: C:\buildslave\unity\build\Runtime/Export/Debug/Debug.bindings.h Line: 39)

Gleb started 10 jobs in one tick. newJob=Ingest (Job_160141) A = Thing_Meat_Human53523 jobGiver=RimWorld.JobGiver_GetFood jobList= 
(Filename: C:\buildslave\unity\build\Runtime/Export/Debug/Debug.bindings.h Line: 39)

Gleb started 10 jobs in one tick. newJob=Ingest (Job_160154) A = Thing_Meat_Human53523 jobGiver=RimWorld.JobGiver_GetFood jobList= 
(Filename: C:\buildslave\unity\build\Runtime/Export/Debug/Debug.bindings.h Line: 39)

Gleb started 10 jobs in one tick. newJob=Ingest (Job_160167) A = Thing_Meat_Human53523 jobGiver=RimWorld.JobGiver_GetFood jobList= 
(Filename: C:\buildslave\unity\build\Runtime/Export/Debug/Debug.bindings.h Line: 39)

Gleb started 10 jobs in one tick. newJob=Ingest (Job_160180) A = Thing_Meat_Human53523 jobGiver=RimWorld.JobGiver_GetFood jobList= 
(Filename: C:\buildslave\unity\build\Runtime/Export/Debug/Debug.bindings.h Line: 39)

Gleb started 10 jobs in one tick. newJob=Ingest (Job_160193) A = Thing_Meat_Human53523 jobGiver=RimWorld.JobGiver_GetFood jobList= 
(Filename: C:\buildslave\unity\build\Runtime/Export/Debug/Debug.bindings.h Line: 39)

Gleb started 10 jobs in one tick. newJob=Ingest (Job_160206) A = Thing_Meat_Human53523 jobGiver=RimWorld.JobGiver_GetFood jobList= 
(Filename: C:\buildslave\unity\build\Runtime/Export/Debug/Debug.bindings.h Line: 39)

Gleb started 10 jobs in one tick. newJob=Ingest (Job_160219) A = Thing_Meat_Human53523 jobGiver=RimWorld.JobGiver_GetFood jobList= 
(Filename: C:\buildslave\unity\build\Runtime/Export/Debug/Debug.bindings.h Line: 39)

Gleb started 10 jobs in one tick. newJob=Ingest (Job_160232) A = Thing_Meat_Human53523 jobGiver=RimWorld.JobGiver_GetFood jobList= 
(Filename: C:\buildslave\unity\build\Runtime/Export/Debug/Debug.bindings.h Line: 39)

Gleb started 10 jobs in one tick. newJob=Ingest (Job_160245) A = Thing_Meat_Human53523 jobGiver=RimWorld.JobGiver_GetFood jobList= 
(Filename: C:\buildslave\unity\build\Runtime/Export/Debug/Debug.bindings.h Line: 39)

Gleb started 10 jobs in one tick. newJob=Ingest (Job_160258) A = Thing_Meat_Human53523 jobGiver=RimWorld.JobGiver_GetFood jobList= 
(Filename: C:\buildslave\unity\build\Runtime/Export/Debug/Debug.bindings.h Line: 39)

Gleb started 10 jobs in one tick. newJob=Ingest (Job_160271) A = Thing_Meat_Human53523 jobGiver=RimWorld.JobGiver_GetFood jobList= 
(Filename: C:\buildslave\unity\build\Runtime/Export/Debug/Debug.bindings.h Line: 39)

Gleb started 10 jobs in one tick. newJob=Ingest (Job_160284) A = Thing_Meat_Human53523 jobGiver=RimWorld.JobGiver_GetFood jobList= 
(Filename: C:\buildslave\unity\build\Runtime/Export/Debug/Debug.bindings.h Line: 39)

Gleb started 10 jobs in one tick. newJob=Ingest (Job_160297) A = Thing_Meat_Human53523 jobGiver=RimWorld.JobGiver_GetFood jobList= 
(Filename: C:\buildslave\unity\build\Runtime/Export/Debug/Debug.bindings.h Line: 39)

Gleb started 10 jobs in one tick. newJob=Ingest (Job_160310) A = Thing_Meat_Human53523 jobGiver=RimWorld.JobGiver_GetFood jobList= 
(Filename: C:\buildslave\unity\build\Runtime/Export/Debug/Debug.bindings.h Line: 39)

Gleb started 10 jobs in one tick. newJob=Ingest (Job_160323) A = Thing_Meat_Human53523 jobGiver=RimWorld.JobGiver_GetFood jobList= 
(Filename: C:\buildslave\unity\build\Runtime/Export/Debug/Debug.bindings.h Line: 39)

Gleb started 10 jobs in one tick. newJob=Ingest (Job_160336) A = Thing_Meat_Human53523 jobGiver=RimWorld.JobGiver_GetFood jobList= 
(Filename: C:\buildslave\unity\build\Runtime/Export/Debug/Debug.bindings.h Line: 39)

Gleb started 10 jobs in one tick. newJob=Ingest (Job_160349) A = Thing_Meat_Human53523 jobGiver=RimWorld.JobGiver_GetFood jobList= 
(Filename: C:\buildslave\unity\build\Runtime/Export/Debug/Debug.bindings.h Line: 39)

Gleb started 10 jobs in one tick. newJob=Ingest (Job_160362) A = Thing_Meat_Human53523 jobGiver=RimWorld.JobGiver_GetFood jobList= 
(Filename: C:\buildslave\unity\build\Runtime/Export/Debug/Debug.bindings.h Line: 39)

Gleb started 10 jobs in one tick. newJob=Ingest (Job_160375) A = Thing_Meat_Human53523 jobGiver=RimWorld.JobGiver_GetFood jobList= 
(Filename: C:\buildslave\unity\build\Runtime/Export/Debug/Debug.bindings.h Line: 39)

Gleb started 10 jobs in one tick. newJob=Ingest (Job_160388) A = Thing_Meat_Human53523 jobGiver=RimWorld.JobGiver_GetFood jobList= 
(Filename: C:\buildslave\unity\build\Runtime/Export/Debug/Debug.bindings.h Line: 39)

Gleb started 10 jobs in one tick. newJob=Ingest (Job_160401) A = Thing_Meat_Human53523 jobGiver=RimWorld.JobGiver_GetFood jobList= 
(Filename: C:\buildslave\unity\build\Runtime/Export/Debug/Debug.bindings.h Line: 39)

Gleb started 10 jobs in one tick. newJob=Ingest (Job_160415) A = Thing_Meat_Human53523 jobGiver=RimWorld.JobGiver_GetFood jobList= 
(Filename: C:\buildslave\unity\build\Runtime/Export/Debug/Debug.bindings.h Line: 39)

Gleb started 10 jobs in one tick. newJob=Ingest (Job_160428) A = Thing_Meat_Human53523 jobGiver=RimWorld.JobGiver_GetFood jobList= 
(Filename: C:\buildslave\unity\build\Runtime/Export/Debug/Debug.bindings.h Line: 39)

Gleb started 10 jobs in one tick. newJob=Ingest (Job_160441) A = Thing_Meat_Human53523 jobGiver=RimWorld.JobGiver_GetFood jobList= 
(Filename: C:\buildslave\unity\build\Runtime/Export/Debug/Debug.bindings.h Line: 39)

Gleb started 10 jobs in one tick. newJob=Ingest (Job_160457) A = Thing_Meat_Human53523 jobGiver=RimWorld.JobGiver_GetFood jobList= 
(Filename: C:\buildslave\unity\build\Runtime/Export/Debug/Debug.bindings.h Line: 39)

Gleb started 10 jobs in one tick. newJob=Ingest (Job_160473) A = Thing_Meat_Human53523 jobGiver=RimWorld.JobGiver_GetFood jobList= 
(Filename: C:\buildslave\unity\build\Runtime/Export/Debug/Debug.bindings.h Line: 39)

Gleb started 10 jobs in one tick. newJob=Ingest (Job_160486) A = Thing_Meat_Human53523 jobGiver=RimWorld.JobGiver_GetFood jobList= 
(Filename: C:\buildslave\unity\build\Runtime/Export/Debug/Debug.bindings.h Line: 39)

Gleb started 10 jobs in one tick. newJob=Ingest (Job_160499) A = Thing_Meat_Human53523 jobGiver=RimWorld.JobGiver_GetFood jobList= 
(Filename: C:\buildslave\unity\build\Runtime/Export/Debug/Debug.bindings.h Line: 39)

Gleb started 10 jobs in one tick. newJob=Ingest (Job_160512) A = Thing_Meat_Human53523 jobGiver=RimWorld.JobGiver_GetFood jobList= 
(Filename: C:\buildslave\unity\build\Runtime/Export/Debug/Debug.bindings.h Line: 39)

Gleb started 10 jobs in one tick. newJob=Ingest (Job_160525) A = Thing_Meat_Human53523 jobGiver=RimWorld.JobGiver_GetFood jobList= 
(Filename: C:\buildslave\unity\build\Runtime/Export/Debug/Debug.bindings.h Line: 39)

Gleb started 10 jobs in one tick. newJob=Ingest (Job_160538) A = Thing_Meat_Human53523 jobGiver=RimWorld.JobGiver_GetFood jobList= 
(Filename: C:\buildslave\unity\build\Runtime/Export/Debug/Debug.bindings.h Line: 39)

Gleb started 10 jobs in one tick. newJob=Ingest (Job_160551) A = Thing_Meat_Human53523 jobGiver=RimWorld.JobGiver_GetFood jobList= 
(Filename: C:\buildslave\unity\build\Runtime/Export/Debug/Debug.bindings.h Line: 39)

Gleb started 10 jobs in one tick. newJob=Ingest (Job_160564) A = Thing_Meat_Human53523 jobGiver=RimWorld.JobGiver_GetFood jobList= 
(Filename: C:\buildslave\unity\build\Runtime/Export/Debug/Debug.bindings.h Line: 39)

Gleb started 10 jobs in one tick. newJob=Ingest (Job_160577) A = Thing_Meat_Human53523 jobGiver=RimWorld.JobGiver_GetFood jobList= 
(Filename: C:\buildslave\unity\build\Runtime/Export/Debug/Debug.bindings.h Line: 39)

Gleb started 10 jobs in one tick. newJob=Ingest (Job_160590) A = Thing_Meat_Human53523 jobGiver=RimWorld.JobGiver_GetFood jobList= 
(Filename: C:\buildslave\unity\build\Runtime/Export/Debug/Debug.bindings.h Line: 39)

Gleb started 10 jobs in one tick. newJob=Ingest (Job_160603) A = Thing_Meat_Human53523 jobGiver=RimWorld.JobGiver_GetFood jobList= 
(Filename: C:\buildslave\unity\build\Runtime/Export/Debug/Debug.bindings.h Line: 39)

Gleb started 10 jobs in one tick. newJob=Ingest (Job_160616) A = Thing_Meat_Human53523 jobGiver=RimWorld.JobGiver_GetFood jobList= 
(Filename: C:\buildslave\unity\build\Runtime/Export/Debug/Debug.bindings.h Line: 39)

Gleb started 10 jobs in one tick. newJob=Ingest (Job_160629) A = Thing_Meat_Human53523 jobGiver=RimWorld.JobGiver_GetFood jobList= 
(Filename: C:\buildslave\unity\build\Runtime/Export/Debug/Debug.bindings.h Line: 39)

Gleb started 10 jobs in one tick. newJob=Ingest (Job_160642) A = Thing_Meat_Human53523 jobGiver=RimWorld.JobGiver_GetFood jobList= 
(Filename: C:\buildslave\unity\build\Runtime/Export/Debug/Debug.bindings.h Line: 39)

Gleb started 10 jobs in one tick. newJob=Ingest (Job_160655) A = Thing_Meat_Human53523 jobGiver=RimWorld.JobGiver_GetFood jobList= 
(Filename: C:\buildslave\unity\build\Runtime/Export/Debug/Debug.bindings.h Line: 39)

Gleb started 10 jobs in one tick. newJob=Ingest (Job_160668) A = Thing_Meat_Human53523 jobGiver=RimWorld.JobGiver_GetFood jobList= 
(Filename: C:\buildslave\unity\build\Runtime/Export/Debug/Debug.bindings.h Line: 39)

Gleb started 10 jobs in one tick. newJob=Ingest (Job_160681) A = Thing_Meat_Human53523 jobGiver=RimWorld.JobGiver_GetFood jobList= 
(Filename: C:\buildslave\unity\build\Runtime/Export/Debug/Debug.bindings.h Line: 39)

Gleb started 10 jobs in one tick. newJob=Ingest (Job_160694) A = Thing_Meat_Human53523 jobGiver=RimWorld.JobGiver_GetFood jobList= 
(Filename: C:\buildslave\unity\build\Runtime/Export/Debug/Debug.bindings.h Line: 39)

Gleb started 10 jobs in one tick. newJob=Ingest (Job_160707) A = Thing_Meat_Human53523 jobGiver=RimWorld.JobGiver_GetFood jobList= 
(Filename: C:\buildslave\unity\build\Runtime/Export/Debug/Debug.bindings.h Line: 39)

Gleb started 10 jobs in one tick. newJob=Ingest (Job_160720) A = Thing_Meat_Human53523 jobGiver=RimWorld.JobGiver_GetFood jobList= 
(Filename: C:\buildslave\unity\build\Runtime/Export/Debug/Debug.bindings.h Line: 39)

Gleb started 10 jobs in one tick. newJob=Ingest (Job_160735) A = Thing_Meat_Human53523 jobGiver=RimWorld.JobGiver_GetFood jobList= 
(Filename: C:\buildslave\unity\build\Runtime/Export/Debug/Debug.bindings.h Line: 39)

Gleb started 10 jobs in one tick. newJob=Ingest (Job_160774) A = Thing_Meat_Human53523 jobGiver=RimWorld.JobGiver_GetFood jobList= 
(Filename: C:\buildslave\unity\build\Runtime/Export/Debug/Debug.bindings.h Line: 39)

Gleb started 10 jobs in one tick. newJob=Ingest (Job_160796) A = Thing_Meat_Human53523 jobGiver=RimWorld.JobGiver_GetFood jobList= 
(Filename: C:\buildslave\unity\build\Runtime/Export/Debug/Debug.bindings.h Line: 39)

Gleb started 10 jobs in one tick. newJob=Ingest (Job_160851) A = Thing_Meat_Human53523 jobGiver=RimWorld.JobGiver_GetFood jobList= 
(Filename: C:\buildslave\unity\build\Runtime/Export/Debug/Debug.bindings.h Line: 39)

Gleb started 10 jobs in one tick. newJob=Ingest (Job_160904) A = Thing_Meat_Human53523 jobGiver=RimWorld.JobGiver_GetFood jobList= 
(Filename: C:\buildslave\unity\build\Runtime/Export/Debug/Debug.bindings.h Line: 39)

Gleb started 10 jobs in one tick. newJob=Ingest (Job_160970) A = Thing_Meat_Human53523 jobGiver=RimWorld.JobGiver_GetFood jobList= 
(Filename: C:\buildslave\unity\build\Runtime/Export/Debug/Debug.bindings.h Line: 39)

Gleb started 10 jobs in one tick. newJob=Ingest (Job_161030) A = Thing_Meat_Human53523 jobGiver=RimWorld.JobGiver_GetFood jobList= 
(Filename: C:\buildslave\unity\build\Runtime/Export/Debug/Debug.bindings.h Line: 39)

Gleb started 10 jobs in one tick. newJob=Ingest (Job_161104) A = Thing_Meat_Human53523 jobGiver=RimWorld.JobGiver_GetFood jobList= 
(Filename: C:\buildslave\unity\build\Runtime/Export/Debug/Debug.bindings.h Line: 39)

Gleb started 10 jobs in one tick. newJob=Ingest (Job_161171) A = Thing_Meat_Human53523 jobGiver=RimWorld.JobGiver_GetFood jobList= 
(Filename: C:\buildslave\unity\build\Runtime/Export/Debug/Debug.bindings.h Line: 39)

Gleb started 10 jobs in one tick. newJob=Ingest (Job_161244) A = Thing_Meat_Human53523 jobGiver=RimWorld.JobGiver_GetFood jobList= 
(Filename: C:\buildslave\unity\build\Runtime/Export/Debug/Debug.bindings.h Line: 39)

Gleb started 10 jobs in one tick. newJob=Ingest (Job_161314) A = Thing_Meat_Human53523 jobGiver=RimWorld.JobGiver_GetFood jobList= 
(Filename: C:\buildslave\unity\build\Runtime/Export/Debug/Debug.bindings.h Line: 39)

Gleb started 10 jobs in one tick. newJob=Ingest (Job_161383) A = Thing_Meat_Human53523 jobGiver=RimWorld.JobGiver_GetFood jobList= 
(Filename: C:\buildslave\unity\build\Runtime/Export/Debug/Debug.bindings.h Line: 39)

Gleb started 10 jobs in one tick. newJob=Ingest (Job_161458) A = Thing_Meat_Human53523 jobGiver=RimWorld.JobGiver_GetFood jobList= 
(Filename: C:\buildslave\unity\build\Runtime/Export/Debug/Debug.bindings.h Line: 39)

Gleb started 10 jobs in one tick. newJob=Ingest (Job_161526) A = Thing_Meat_Human53523 jobGiver=RimWorld.JobGiver_GetFood jobList= 
(Filename: C:\buildslave\unity\build\Runtime/Export/Debug/Debug.bindings.h Line: 39)

Gleb started 10 jobs in one tick. newJob=Ingest (Job_161598) A = Thing_Meat_Human53523 jobGiver=RimWorld.JobGiver_GetFood jobList= 
(Filename: C:\buildslave\unity\build\Runtime/Export/Debug/Debug.bindings.h Line: 39)

Gleb started 10 jobs in one tick. newJob=Ingest (Job_161669) A = Thing_Meat_Human53523 jobGiver=RimWorld.JobGiver_GetFood jobList= 
(Filename: C:\buildslave\unity\build\Runtime/Export/Debug/Debug.bindings.h Line: 39)

Gleb started 10 jobs in one tick. newJob=Ingest (Job_161734) A = Thing_Meat_Human53523 jobGiver=RimWorld.JobGiver_GetFood jobList= 
(Filename: C:\buildslave\unity\build\Runtime/Export/Debug/Debug.bindings.h Line: 39)

Gleb started 10 jobs in one tick. newJob=Ingest (Job_161813) A = Thing_Meat_Human53523 jobGiver=RimWorld.JobGiver_GetFood jobList= 
(Filename: C:\buildslave\unity\build\Runtime/Export/Debug/Debug.bindings.h Line: 39)

Gleb started 10 jobs in one tick. newJob=Ingest (Job_162085) A = Thing_Meat_Human53523 jobGiver=RimWorld.JobGiver_GetFood jobList= 
(Filename: C:\buildslave\unity\build\Runtime/Export/Debug/Debug.bindings.h Line: 39)

Gleb started 10 jobs in one tick. newJob=Ingest (Job_162149) A = Thing_Meat_Human53523 jobGiver=RimWorld.JobGiver_GetFood jobList= 
(Filename: C:\buildslave\unity\build\Runtime/Export/Debug/Debug.bindings.h Line: 39)

Gleb started 10 jobs in one tick. newJob=Ingest (Job_162218) A = Thing_Meat_Human53523 jobGiver=RimWorld.JobGiver_GetFood jobList= 
(Filename: C:\buildslave\unity\build\Runtime/Export/Debug/Debug.bindings.h Line: 39)

Gleb started 10 jobs in one tick. newJob=Ingest (Job_162299) A = Thing_Meat_Human53523 jobGiver=RimWorld.JobGiver_GetFood jobList= 
(Filename: C:\buildslave\unity\build\Runtime/Export/Debug/Debug.bindings.h Line: 39)

Gleb started 10 jobs in one tick. newJob=Ingest (Job_162357) A = Thing_Meat_Human53523 jobGiver=RimWorld.JobGiver_GetFood jobList= 
(Filename: C:\buildslave\unity\build\Runtime/Export/Debug/Debug.bindings.h Line: 39)

Gleb started 10 jobs in one tick. newJob=Ingest (Job_162420) A = Thing_Meat_Human53523 jobGiver=RimWorld.JobGiver_GetFood jobList= 
(Filename: C:\buildslave\unity\build\Runtime/Export/Debug/Debug.bindings.h Line: 39)

Gleb started 10 jobs in one tick. newJob=Ingest (Job_162495) A = Thing_Meat_Human53523 jobGiver=RimWorld.JobGiver_GetFood jobList= 
(Filename: C:\buildslave\unity\build\Runtime/Export/Debug/Debug.bindings.h Line: 39)

Gleb started 10 jobs in one tick. newJob=Ingest (Job_162558) A = Thing_Meat_Human53523 jobGiver=RimWorld.JobGiver_GetFood jobList= 
(Filename: C:\buildslave\unity\build\Runtime/Export/Debug/Debug.bindings.h Line: 39)

Gleb started 10 jobs in one tick. newJob=Ingest (Job_162613) A = Thing_Meat_Human53523 jobGiver=RimWorld.JobGiver_GetFood jobList= 
(Filename: C:\buildslave\unity\build\Runtime/Export/Debug/Debug.bindings.h Line: 39)

Gleb started 10 jobs in one tick. newJob=Ingest (Job_162697) A = Thing_Meat_Human53523 jobGiver=RimWorld.JobGiver_GetFood jobList= 
(Filename: C:\buildslave\unity\build\Runtime/Export/Debug/Debug.bindings.h Line: 39)

Gleb started 10 jobs in one tick. newJob=Ingest (Job_162759) A = Thing_Meat_Human53523 jobGiver=RimWorld.JobGiver_GetFood jobList= 
(Filename: C:\buildslave\unity\build\Runtime/Export/Debug/Debug.bindings.h Line: 39)

Gleb started 10 jobs in one tick. newJob=Ingest (Job_162831) A = Thing_Meat_Human53523 jobGiver=RimWorld.JobGiver_GetFood jobList= 
(Filename: C:\buildslave\unity\build\Runtime/Export/Debug/Debug.bindings.h Line: 39)

Gleb started 10 jobs in one tick. newJob=Ingest (Job_162895) A = Thing_Meat_Human53523 jobGiver=RimWorld.JobGiver_GetFood jobList= 
(Filename: C:\buildslave\unity\build\Runtime/Export/Debug/Debug.bindings.h Line: 39)

Gleb started 10 jobs in one tick. newJob=Ingest (Job_162966) A = Thing_Meat_Human53523 jobGiver=RimWorld.JobGiver_GetFood jobList= 
(Filename: C:\buildslave\unity\build\Runtime/Export/Debug/Debug.bindings.h Line: 39)

Gleb started 10 jobs in one tick. newJob=Ingest (Job_163035) A = Thing_Meat_Human53523 jobGiver=RimWorld.JobGiver_GetFood jobList= 
(Filename: C:\buildslave\unity\build\Runtime/Export/Debug/Debug.bindings.h Line: 39)

Gleb started 10 jobs in one tick. newJob=Ingest (Job_163098) A = Thing_Meat_Human53523 jobGiver=RimWorld.JobGiver_GetFood jobList= 
(Filename: C:\buildslave\unity\build\Runtime/Export/Debug/Debug.bindings.h Line: 39)

Gleb started 10 jobs in one tick. newJob=Ingest (Job_163157) A = Thing_Meat_Human53523 jobGiver=RimWorld.JobGiver_GetFood jobList= 
(Filename: C:\buildslave\unity\build\Runtime/Export/Debug/Debug.bindings.h Line: 39)

Gleb started 10 jobs in one tick. newJob=Ingest (Job_163441) A = Thing_Meat_Human53523 jobGiver=RimWorld.JobGiver_GetFood jobList= 
(Filename: C:\buildslave\unity\build\Runtime/Export/Debug/Debug.bindings.h Line: 39)

Gleb started 10 jobs in one tick. newJob=Ingest (Job_163503) A = Thing_Meat_Human53523 jobGiver=RimWorld.JobGiver_GetFood jobList= 
(Filename: C:\buildslave\unity\build\Runtime/Export/Debug/Debug.bindings.h Line: 39)

Gleb started 10 jobs in one tick. newJob=Ingest (Job_163574) A = Thing_Meat_Human53523 jobGiver=RimWorld.JobGiver_GetFood jobList= 
(Filename: C:\buildslave\unity\build\Runtime/Export/Debug/Debug.bindings.h Line: 39)

Gleb started 10 jobs in one tick. newJob=Ingest (Job_164437) A = Thing_Meat_Human53523 jobGiver=RimWorld.JobGiver_GetFood jobList= 
(Filename: C:\buildslave\unity\build\Runtime/Export/Debug/Debug.bindings.h Line: 39)

Gleb started 10 jobs in one tick. newJob=Ingest (Job_164503) A = Thing_Meat_Human53523 jobGiver=RimWorld.JobGiver_GetFood jobList= 
(Filename: C:\buildslave\unity\build\Runtime/Export/Debug/Debug.bindings.h Line: 39)

Gleb started 10 jobs in one tick. newJob=Ingest (Job_164568) A = Thing_Meat_Human53523 jobGiver=RimWorld.JobGiver_GetFood jobList= 
(Filename: C:\buildslave\unity\build\Runtime/Export/Debug/Debug.bindings.h Line: 39)

Gleb started 10 jobs in one tick. newJob=Ingest (Job_164810) A = Thing_Meat_Human53523 jobGiver=RimWorld.JobGiver_GetFood jobList= 
(Filename: C:\buildslave\unity\build\Runtime/Export/Debug/Debug.bindings.h Line: 39)

Gleb started 10 jobs in one tick. newJob=Ingest (Job_164867) A = Thing_Meat_Human53523 jobGiver=RimWorld.JobGiver_GetFood jobList= 
(Filename: C:\buildslave\unity\build\Runtime/Export/Debug/Debug.bindings.h Line: 39)

Gleb started 10 jobs in one tick. newJob=Ingest (Job_164938) A = Thing_Meat_Human53523 jobGiver=RimWorld.JobGiver_GetFood jobList= 
(Filename: C:\buildslave\unity\build\Runtime/Export/Debug/Debug.bindings.h Line: 39)

Gleb started 10 jobs in one tick. newJob=Ingest (Job_165013) A = Thing_Meat_Human53523 jobGiver=RimWorld.JobGiver_GetFood jobList= 
(Filename: C:\buildslave\unity\build\Runtime/Export/Debug/Debug.bindings.h Line: 39)

Gleb started 10 jobs in one tick. newJob=Ingest (Job_165062) A = Thing_Meat_Human53523 jobGiver=RimWorld.JobGiver_GetFood jobList= 
(Filename: C:\buildslave\unity\build\Runtime/Export/Debug/Debug.bindings.h Line: 39)

Gleb started 10 jobs in one tick. newJob=Ingest (Job_165125) A = Thing_Meat_Human53523 jobGiver=RimWorld.JobGiver_GetFood jobList= 
(Filename: C:\buildslave\unity\build\Runtime/Export/Debug/Debug.bindings.h Line: 39)

Gleb started 10 jobs in one tick. newJob=Ingest (Job_165194) A = Thing_Meat_Human53523 jobGiver=RimWorld.JobGiver_GetFood jobList= 
(Filename: C:\buildslave\unity\build\Runtime/Export/Debug/Debug.bindings.h Line: 39)

Gleb started 10 jobs in one tick. newJob=Ingest (Job_165263) A = Thing_Meat_Human53523 jobGiver=RimWorld.JobGiver_GetFood jobList= 
(Filename: C:\buildslave\unity\build\Runtime/Export/Debug/Debug.bindings.h Line: 39)

Gleb started 10 jobs in one tick. newJob=Ingest (Job_165330) A = Thing_Meat_Human53523 jobGiver=RimWorld.JobGiver_GetFood jobList= 
(Filename: C:\buildslave\unity\build\Runtime/Export/Debug/Debug.bindings.h Line: 39)

Gleb started 10 jobs in one tick. newJob=Ingest (Job_165397) A = Thing_Meat_Human53523 jobGiver=RimWorld.JobGiver_GetFood jobList= 
(Filename: C:\buildslave\unity\build\Runtime/Export/Debug/Debug.bindings.h Line: 39)

Gleb started 10 jobs in one tick. newJob=Ingest (Job_165486) A = Thing_Meat_Human53523 jobGiver=RimWorld.JobGiver_GetFood jobList= 
(Filename: C:\buildslave\unity\build\Runtime/Export/Debug/Debug.bindings.h Line: 39)

Gleb started 10 jobs in one tick. newJob=Ingest (Job_165546) A = Thing_Meat_Human53523 jobGiver=RimWorld.JobGiver_GetFood jobList= 
(Filename: C:\buildslave\unity\build\Runtime/Export/Debug/Debug.bindings.h Line: 39)

Gleb started 10 jobs in one tick. newJob=Ingest (Job_165614) A = Thing_Meat_Human53523 jobGiver=RimWorld.JobGiver_GetFood jobList= 
(Filename: C:\buildslave\unity\build\Runtime/Export/Debug/Debug.bindings.h Line: 39)

Gleb started 10 jobs in one tick. newJob=Ingest (Job_165685) A = Thing_Meat_Human53523 jobGiver=RimWorld.JobGiver_GetFood jobList= 
(Filename: C:\buildslave\unity\build\Runtime/Export/Debug/Debug.bindings.h Line: 39)

Gleb started 10 jobs in one tick. newJob=Ingest (Job_166077) A = Thing_Meat_Human53523 jobGiver=RimWorld.JobGiver_GetFood jobList= 
(Filename: C:\buildslave\unity\build\Runtime/Export/Debug/Debug.bindings.h Line: 39)

Gleb started 10 jobs in one tick. newJob=Ingest (Job_166229) A = Thing_Meat_Human53523 jobGiver=RimWorld.JobGiver_GetFood jobList= 
(Filename: C:\buildslave\unity\build\Runtime/Export/Debug/Debug.bindings.h Line: 39)

Gleb started 10 jobs in one tick. newJob=Ingest (Job_166303) A = Thing_Meat_Human53523 jobGiver=RimWorld.JobGiver_GetFood jobList= 
(Filename: C:\buildslave\unity\build\Runtime/Export/Debug/Debug.bindings.h Line: 39)

Gleb started 10 jobs in one tick. newJob=Ingest (Job_166383) A = Thing_Meat_Human53523 jobGiver=RimWorld.JobGiver_GetFood jobList= 
(Filename: C:\buildslave\unity\build\Runtime/Export/Debug/Debug.bindings.h Line: 39)

Gleb started 10 jobs in one tick. newJob=Ingest (Job_166444) A = Thing_Meat_Human53523 jobGiver=RimWorld.JobGiver_GetFood jobList= 
(Filename: C:\buildslave\unity\build\Runtime/Export/Debug/Debug.bindings.h Line: 39)

Gleb started 10 jobs in one tick. newJob=Ingest (Job_166528) A = Thing_Meat_Human53523 jobGiver=RimWorld.JobGiver_GetFood jobList= 
(Filename: C:\buildslave\unity\build\Runtime/Export/Debug/Debug.bindings.h Line: 39)

Gleb started 10 jobs in one tick. newJob=Ingest (Job_166590) A = Thing_Meat_Human53523 jobGiver=RimWorld.JobGiver_GetFood jobList= 
(Filename: C:\buildslave\unity\build\Runtime/Export/Debug/Debug.bindings.h Line: 39)

Gleb started 10 jobs in one tick. newJob=Ingest (Job_166659) A = Thing_Meat_Human53523 jobGiver=RimWorld.JobGiver_GetFood jobList= 
(Filename: C:\buildslave\unity\build\Runtime/Export/Debug/Debug.bindings.h Line: 39)

Created 4 new pawns for Чого. 
(Filename: C:\buildslave\unity\build\Runtime/Export/Debug/Debug.bindings.h Line: 39)

Gleb started 10 jobs in one tick. newJob=Ingest (Job_166729) A = Thing_Meat_Human53523 jobGiver=RimWorld.JobGiver_GetFood jobList= 
(Filename: C:\buildslave\unity\build\Runtime/Export/Debug/Debug.bindings.h Line: 39)

Gleb started 10 jobs in one tick. newJob=Ingest (Job_166796) A = Thing_Meat_Human53523 jobGiver=RimWorld.JobGiver_GetFood jobList= 
(Filename: C:\buildslave\unity\build\Runtime/Export/Debug/Debug.bindings.h Line: 39)

Gleb started 10 jobs in one tick. newJob=Ingest (Job_166875) A = Thing_Meat_Human53523 jobGiver=RimWorld.JobGiver_GetFood jobList= 
(Filename: C:\buildslave\unity\build\Runtime/Export/Debug/Debug.bindings.h Line: 39)

Gleb started 10 jobs in one tick. newJob=Ingest (Job_166945) A = Thing_Meat_Human53523 jobGiver=RimWorld.JobGiver_GetFood jobList= 
(Filename: C:\buildslave\unity\build\Runtime/Export/Debug/Debug.bindings.h Line: 39)

Gleb started 10 jobs in one tick. newJob=Ingest (Job_167001) A = Thing_Meat_Human53523 jobGiver=RimWorld.JobGiver_GetFood jobList= 
(Filename: C:\buildslave\unity\build\Runtime/Export/Debug/Debug.bindings.h Line: 39)

Gleb started 10 jobs in one tick. newJob=Ingest (Job_167074) A = Thing_Meat_Human53523 jobGiver=RimWorld.JobGiver_GetFood jobList= 
(Filename: C:\buildslave\unity\build\Runtime/Export/Debug/Debug.bindings.h Line: 39)

Gleb started 10 jobs in one tick. newJob=Ingest (Job_167135) A = Thing_Meat_Human53523 jobGiver=RimWorld.JobGiver_GetFood jobList= 
(Filename: C:\buildslave\unity\build\Runtime/Export/Debug/Debug.bindings.h Line: 39)

Gleb started 10 jobs in one tick. newJob=Ingest (Job_167209) A = Thing_Meat_Human53523 jobGiver=RimWorld.JobGiver_GetFood jobList= 
(Filename: C:\buildslave\unity\build\Runtime/Export/Debug/Debug.bindings.h Line: 39)

Gleb started 10 jobs in one tick. newJob=Ingest (Job_167768) A = Thing_Meat_Human53523 jobGiver=RimWorld.JobGiver_GetFood jobList= 
(Filename: C:\buildslave\unity\build\Runtime/Export/Debug/Debug.bindings.h Line: 39)

Gleb started 10 jobs in one tick. newJob=Ingest (Job_167837) A = Thing_Meat_Human53523 jobGiver=RimWorld.JobGiver_GetFood jobList= 
(Filename: C:\buildslave\unity\build\Runtime/Export/Debug/Debug.bindings.h Line: 39)

Gleb started 10 jobs in one tick. newJob=Ingest (Job_167894) A = Thing_Meat_Human53523 jobGiver=RimWorld.JobGiver_GetFood jobList= 
(Filename: C:\buildslave\unity\build\Runtime/Export/Debug/Debug.bindings.h Line: 39)

Gleb started 10 jobs in one tick. newJob=Ingest (Job_167968) A = Thing_Meat_Human53523 jobGiver=RimWorld.JobGiver_GetFood jobList= 
(Filename: C:\buildslave\unity\build\Runtime/Export/Debug/Debug.bindings.h Line: 39)

Gleb started 10 jobs in one tick. newJob=Ingest (Job_168023) A = Thing_Meat_Human53523 jobGiver=RimWorld.JobGiver_GetFood jobList= 
(Filename: C:\buildslave\unity\build\Runtime/Export/Debug/Debug.bindings.h Line: 39)

Gleb started 10 jobs in one tick. newJob=Ingest (Job_168089) A = Thing_Meat_Human53523 jobGiver=RimWorld.JobGiver_GetFood jobList= 
(Filename: C:\buildslave\unity\build\Runtime/Export/Debug/Debug.bindings.h Line: 39)

Gleb started 10 jobs in one tick. newJob=Ingest (Job_168163) A = Thing_Meat_Human53523 jobGiver=RimWorld.JobGiver_GetFood jobList= 
(Filename: C:\buildslave\unity\build\Runtime/Export/Debug/Debug.bindings.h Line: 39)

Gleb started 10 jobs in one tick. newJob=Ingest (Job_168229) A = Thing_Meat_Human53523 jobGiver=RimWorld.JobGiver_GetFood jobList= 
(Filename: C:\buildslave\unity\build\Runtime/Export/Debug/Debug.bindings.h Line: 39)

Gleb started 10 jobs in one tick. newJob=Ingest (Job_168297) A = Thing_Meat_Human53523 jobGiver=RimWorld.JobGiver_GetFood jobList= 
(Filename: C:\buildslave\unity\build\Runtime/Export/Debug/Debug.bindings.h Line: 39)

Gleb started 10 jobs in one tick. newJob=Ingest (Job_168369) A = Thing_Meat_Human53523 jobGiver=RimWorld.JobGiver_GetFood jobList= 
(Filename: C:\buildslave\unity\build\Runtime/Export/Debug/Debug.bindings.h Line: 39)

Gleb started 10 jobs in one tick. newJob=Ingest (Job_168426) A = Thing_Meat_Human53523 jobGiver=RimWorld.JobGiver_GetFood jobList= 
(Filename: C:\buildslave\unity\build\Runtime/Export/Debug/Debug.bindings.h Line: 39)

Gleb started 10 jobs in one tick. newJob=Ingest (Job_168482) A = Thing_Meat_Human53523 jobGiver=RimWorld.JobGiver_GetFood jobList= 
(Filename: C:\buildslave\unity\build\Runtime/Export/Debug/Debug.bindings.h Line: 39)

Gleb started 10 jobs in one tick. newJob=Ingest (Job_168549) A = Thing_Meat_Human53523 jobGiver=RimWorld.JobGiver_GetFood jobList= 
(Filename: C:\buildslave\unity\build\Runtime/Export/Debug/Debug.bindings.h Line: 39)

Gleb started 10 jobs in one tick. newJob=Ingest (Job_168623) A = Thing_Meat_Human53523 jobGiver=RimWorld.JobGiver_GetFood jobList= 
(Filename: C:\buildslave\unity\build\Runtime/Export/Debug/Debug.bindings.h Line: 39)

Gleb started 10 jobs in one tick. newJob=Ingest (Job_168697) A = Thing_Meat_Human53523 jobGiver=RimWorld.JobGiver_GetFood jobList= 
(Filename: C:\buildslave\unity\build\Runtime/Export/Debug/Debug.bindings.h Line: 39)

Gleb started 10 jobs in one tick. newJob=Ingest (Job_168765) A = Thing_Meat_Human53523 jobGiver=RimWorld.JobGiver_GetFood jobList= 
(Filename: C:\buildslave\unity\build\Runtime/Export/Debug/Debug.bindings.h Line: 39)

Gleb started 10 jobs in one tick. newJob=Ingest (Job_168822) A = Thing_Meat_Human53523 jobGiver=RimWorld.JobGiver_GetFood jobList= 
(Filename: C:\buildslave\unity\build\Runtime/Export/Debug/Debug.bindings.h Line: 39)

Gleb started 10 jobs in one tick. newJob=Ingest (Job_168900) A = Thing_Meat_Human53523 jobGiver=RimWorld.JobGiver_GetFood jobList= 
(Filename: C:\buildslave\unity\build\Runtime/Export/Debug/Debug.bindings.h Line: 39)

Gleb started 10 jobs in one tick. newJob=Ingest (Job_168973) A = Thing_Meat_Human53523 jobGiver=RimWorld.JobGiver_GetFood jobList= 
(Filename: C:\buildslave\unity\build\Runtime/Export/Debug/Debug.bindings.h Line: 39)

Lord lost entire group. LordJob = LordJob_VisitColony 
(Filename: C:\buildslave\unity\build\Runtime/Export/Debug/Debug.bindings.h Line: 39)

Error in LordJob.Notify_PawnLost(): System.FormatException: Input string was not in a correct format.
[Ref A8470511]
 at System.Text.StringBuilder.AppendFormatHelper (System.IFormatProvider provider, System.String format, System.ParamsArray args) [0x00251] in <eae584ce26bc40229c1b1aa476bfa589>:0 
 at System.String.FormatHelper (System.IFormatProvider provider, System.String format, System.ParamsArray args) [0x00023] in <eae584ce26bc40229c1b1aa476bfa589>:0 
 at System.String.Format (System.String format, System.Object arg0, System.Object arg1, System.Object arg2) [0x0000a] in <eae584ce26bc40229c1b1aa476bfa589>:0 
 at Hospitality.Utilities.GuestUtility.OnLostEntireGroup (Verse.AI.Group.Lord lord) [0x0010a] in <f086b02670a441c7ac199f90ab536abf>:0 
 at Hospitality.LordJob_VisitColony.Notify_PawnLost (Verse.Pawn pawn, Verse.AI.Group.PawnLostCondition condition) [0x00022] in <f086b02670a441c7ac199f90ab536abf>:0 
 at Verse.AI.Group.Lord.Notify_PawnLost (Verse.Pawn pawn, Verse.AI.Group.PawnLostCondition cond, System.Nullable`1[T] dinfo) [0x00070] in <d4283d69f1dd45829ad7cf101e8491d9>:0  
(Filename: C:\buildslave\unity\build\Runtime/Export/Debug/Debug.bindings.h Line: 39)

Gleb started 10 jobs in one tick. newJob=Ingest (Job_169911) A = Thing_Meat_Human53523 jobGiver=RimWorld.JobGiver_GetFood jobList= 
(Filename: C:\buildslave\unity\build\Runtime/Export/Debug/Debug.bindings.h Line: 39)

Gleb started 10 jobs in one tick. newJob=Ingest (Job_170095) A = Thing_Meat_Human53523 jobGiver=RimWorld.JobGiver_GetFood jobList= 
(Filename: C:\buildslave\unity\build\Runtime/Export/Debug/Debug.bindings.h Line: 39)

Gleb started 10 jobs in one tick. newJob=Ingest (Job_170394) A = Thing_Meat_Human53523 jobGiver=RimWorld.JobGiver_GetFood jobList= 
(Filename: C:\buildslave\unity\build\Runtime/Export/Debug/Debug.bindings.h Line: 39)

Gleb started 10 jobs in one tick. newJob=Ingest (Job_170461) A = Thing_Meat_Human53523 jobGiver=RimWorld.JobGiver_GetFood jobList= 
(Filename: C:\buildslave\unity\build\Runtime/Export/Debug/Debug.bindings.h Line: 39)

Gleb started 10 jobs in one tick. newJob=Ingest (Job_170531) A = Thing_Meat_Human53523 jobGiver=RimWorld.JobGiver_GetFood jobList= 
(Filename: C:\buildslave\unity\build\Runtime/Export/Debug/Debug.bindings.h Line: 39)

Gleb started 10 jobs in one tick. newJob=Ingest (Job_170593) A = Thing_Meat_Human53523 jobGiver=RimWorld.JobGiver_GetFood jobList= 
(Filename: C:\buildslave\unity\build\Runtime/Export/Debug/Debug.bindings.h Line: 39)

Gleb started 10 jobs in one tick. newJob=Ingest (Job_170659) A = Thing_Meat_Human53523 jobGiver=RimWorld.JobGiver_GetFood jobList= 
(Filename: C:\buildslave\unity\build\Runtime/Export/Debug/Debug.bindings.h Line: 39)

Gleb started 10 jobs in one tick. newJob=Ingest (Job_170737) A = Thing_Meat_Human53523 jobGiver=RimWorld.JobGiver_GetFood jobList= 
(Filename: C:\buildslave\unity\build\Runtime/Export/Debug/Debug.bindings.h Line: 39)

Gleb started 10 jobs in one tick. newJob=Ingest (Job_171701) A = Thing_Meat_Human53523 jobGiver=RimWorld.JobGiver_GetFood jobList= 
(Filename: C:\buildslave\unity\build\Runtime/Export/Debug/Debug.bindings.h Line: 39)

Unloading 3 Unused Serialized files (Serialized files now loaded: 4)
UnloadTime: 1.665900 ms
FileNotFoundException: Cannot resolve dependency to assembly because it has not been preloaded. When using the ReflectionOnly APIs, dependent assemblies must be pre-loaded or loaded on demand through the ReflectionOnlyAssemblyResolve event.

 
(Filename:  Line: -1)


Unloading 6162 unused Assets to reduce memory usage. Loaded Objects now: 28551.
Total: 667.162500 ms (FindLiveObjects: 4.230400 ms CreateObjectMapping: 4.812400 ms MarkObjects: 646.312100 ms  DeleteObjects: 11.807000 ms)

QualityBuilder added property to '0' things 
(Filename: C:\buildslave\unity\build\Runtime/Export/Debug/Debug.bindings.h Line: 39)

Loading game from file Autosave-3 with mods:
  - zetrith.prepatcher
  - brrainz.harmony
  - bs.fishery
  - Ludeon.RimWorld
  - bs.performance
  - Ludeon.RimWorld.Royalty
  - Ludeon.RimWorld.Ideology
  - Ludeon.RimWorld.Biotech
  - Ludeon.RimWorld.Anomaly
  - UnlimitedHugs.HugsLib
  - Aoba.Tent
  - iforgotmysocks.CaravanAdventures
  - void.charactereditor
  - UnlimitedHugs.DefensivePositions
  - Dubwise.DubsMintMenus
  - dubwise.dubsmintminimap
  - Taveron.IncreasedStack
  - Cain.Mineshaft
  - Scorpio.OptimizationLeathers
  - seohyeon.OptimizationMeats
  - Taranchuk.PerformanceOptimizer
  - hatti.qualitybuilder
  - Woolstrand.RealRuins
  - Uuugggg.ReplaceStuff
  - rupal.rimpymodmanagerdatabase
  - PeteTimesSix.SimpleSidearms
  - Mlie.SinglePlantTexturePatch
  - GT.Sam.TilledSoil
  - Neronix17.TweaksGalore
  - OskarPotocki.VanillaFactionsExpanded.Core
  - vanillaexpanded.skills
  - Ogliss.g223.wanderingcaravans
  - UnlimitedHugs.AllowTool
  - Mlie.MoreFactionInteraction
  - Orion.Hospitality
  - LWM.DeepStorage
  - Mehni.PickUpAndHaul
  - weilbyte.snapout
  - FrozenSnowFox.ComplexJobs
  - Krkr.RocketMan 
(Filename: C:\buildslave\unity\build\Runtime/Export/Debug/Debug.bindings.h Line: 39)

checking editor settings... 
(Filename: C:\buildslave\unity\build\Runtime/Export/Debug/Debug.bindings.h Line: 39)

bodysizes genes are active 
(Filename: C:\buildslave\unity\build\Runtime/Export/Debug/Debug.bindings.h Line: 39)

Unloading 0 Unused Serialized files (Serialized files now loaded: 4)

Unloading 0 unused Assets to reduce memory usage. Loaded Objects now: 34362.
Total: 765.922700 ms (FindLiveObjects: 3.621300 ms CreateObjectMapping: 4.412400 ms MarkObjects: 757.798800 ms  DeleteObjects: 0.089700 ms)

Gleb started 10 jobs in one tick. newJob=Ingest (Job_141214) A = Thing_Meat_Twisted60967 jobGiver=RimWorld.JobGiver_GetFood jobList= 
(Filename: C:\buildslave\unity\build\Runtime/Export/Debug/Debug.bindings.h Line: 39)

Unloading 3 Unused Serialized files (Serialized files now loaded: 4)
UnloadTime: 0.691900 ms
checking editor settings... 
(Filename: C:\buildslave\unity\build\Runtime/Export/Debug/Debug.bindings.h Line: 39)

bodysizes genes are active 
(Filename: C:\buildslave\unity\build\Runtime/Export/Debug/Debug.bindings.h Line: 39)

CharacterEditor v1.5.10 ...done 
(Filename: C:\buildslave\unity\build\Runtime/Export/Debug/Debug.bindings.h Line: 39)


Unloading 5815 unused Assets to reduce memory usage. Loaded Objects now: 28536.
Total: 711.469400 ms (FindLiveObjects: 4.416400 ms CreateObjectMapping: 7.084800 ms MarkObjects: 686.377800 ms  DeleteObjects: 13.589900 ms)

Unloading 1 Unused Serialized files (Serialized files now loaded: 4)

Unloading 28 unused Assets to reduce memory usage. Loaded Objects now: 28836.
Total: 712.822100 ms (FindLiveObjects: 2.371000 ms CreateObjectMapping: 3.593100 ms MarkObjects: 706.624000 ms  DeleteObjects: 0.233600 ms)

Unloading 3 Unused Serialized files (Serialized files now loaded: 4)
UnloadTime: 0.452100 ms
FileNotFoundException: Cannot resolve dependency to assembly because it has not been preloaded. When using the ReflectionOnly APIs, dependent assemblies must be pre-loaded or loaded on demand through the ReflectionOnlyAssemblyResolve event.

 
(Filename:  Line: -1)


Unloading 2 unused Assets to reduce memory usage. Loaded Objects now: 29273.
Total: 696.750300 ms (FindLiveObjects: 3.933000 ms CreateObjectMapping: 3.368000 ms MarkObjects: 689.349900 ms  DeleteObjects: 0.098800 ms)

QualityBuilder added property to '0' things 
(Filename: C:\buildslave\unity\build\Runtime/Export/Debug/Debug.bindings.h Line: 39)

Initializing new game with mods:
  - zetrith.prepatcher
  - brrainz.harmony
  - bs.fishery
  - Ludeon.RimWorld
  - bs.performance
  - Ludeon.RimWorld.Royalty
  - Ludeon.RimWorld.Ideology
  - Ludeon.RimWorld.Biotech
  - Ludeon.RimWorld.Anomaly
  - UnlimitedHugs.HugsLib
  - Aoba.Tent
  - iforgotmysocks.CaravanAdventures
  - void.charactereditor
  - UnlimitedHugs.DefensivePositions
  - Dubwise.DubsMintMenus
  - dubwise.dubsmintminimap
  - Taveron.IncreasedStack
  - Cain.Mineshaft
  - Scorpio.OptimizationLeathers
  - seohyeon.OptimizationMeats
  - Taranchuk.PerformanceOptimizer
  - hatti.qualitybuilder
  - Woolstrand.RealRuins
  - Uuugggg.ReplaceStuff
  - rupal.rimpymodmanagerdatabase
  - PeteTimesSix.SimpleSidearms
  - Mlie.SinglePlantTexturePatch
  - GT.Sam.TilledSoil
  - Neronix17.TweaksGalore
  - OskarPotocki.VanillaFactionsExpanded.Core
  - vanillaexpanded.skills
  - Ogliss.g223.wanderingcaravans
  - UnlimitedHugs.AllowTool
  - Mlie.MoreFactionInteraction
  - Orion.Hospitality
  - LWM.DeepStorage
  - Mehni.PickUpAndHaul
  - weilbyte.snapout
  - FrozenSnowFox.ComplexJobs
  - Krkr.RocketMan 
(Filename: C:\buildslave\unity\build\Runtime/Export/Debug/Debug.bindings.h Line: 39)

checking editor settings... 
(Filename: C:\buildslave\unity\build\Runtime/Export/Debug/Debug.bindings.h Line: 39)

bodysizes genes are active 
(Filename: C:\buildslave\unity\build\Runtime/Export/Debug/Debug.bindings.h Line: 39)

Unloading 0 Unused Serialized files (Serialized files now loaded: 4)

Unloading 1 unused Assets to reduce memory usage. Loaded Objects now: 34103.
Total: 776.920500 ms (FindLiveObjects: 4.747600 ms CreateObjectMapping: 4.125400 ms MarkObjects: 767.941200 ms  DeleteObjects: 0.105600 ms)

Империум Бога are coming after 14.14659 days. 
(Filename: C:\buildslave\unity\build\Runtime/Export/Debug/Debug.bindings.h Line: 39)

Серый Блок are coming after 29.55687 days. 
(Filename: C:\buildslave\unity\build\Runtime/Export/Debug/Debug.bindings.h Line: 39)

Содружество Ребиум are coming after 54.55501 days. 
(Filename: C:\buildslave\unity\build\Runtime/Export/Debug/Debug.bindings.h Line: 39)

Created 1 new pawns for Империум Бога. 
(Filename: C:\buildslave\unity\build\Runtime/Export/Debug/Debug.bindings.h Line: 39)

Created 2 new pawns for Империум Бога. 
(Filename: C:\buildslave\unity\build\Runtime/Export/Debug/Debug.bindings.h Line: 39)

Lord lost entire group. LordJob = LordJob_VisitColony 
(Filename: C:\buildslave\unity\build\Runtime/Export/Debug/Debug.bindings.h Line: 39)

Error in LordJob.Notify_PawnLost(): System.FormatException: Input string was not in a correct format.
[Ref A8470511] Duplicate stacktrace, see ref for original 
(Filename: C:\buildslave\unity\build\Runtime/Export/Debug/Debug.bindings.h Line: 39)

reinnited 
(Filename: C:\buildslave\unity\build\Runtime/Export/Debug/Debug.bindings.h Line: 39)

Setting up 2 worker threads for Enlighten.
  Thread -> id: 530 -> priority: 1 
  Thread -> id: 2988 -> priority: 1 
